Oct  4 02:21:18 villain-Lenovo-G580 anacron[901]: Job `cron.daily' terminated
Oct  4 02:21:18 villain-Lenovo-G580 anacron[901]: Normal exit (1 job run)
Oct  4 02:27:00 villain-Lenovo-G580 ntfs-3g[3356]: Version 2013.1.13AR.1 external FUSE 29
Oct  4 02:27:00 villain-Lenovo-G580 ntfs-3g[3356]: Mounted /dev/sda5 (Read-Write, label "", NTFS 3.1)
Oct  4 02:27:00 villain-Lenovo-G580 ntfs-3g[3356]: Cmdline options: rw,nosuid,nodev,uhelper=udisks2,uid=1000,gid=1000,dmask=0077,fmask=0177
Oct  4 02:27:00 villain-Lenovo-G580 ntfs-3g[3356]: Mount options: rw,nosuid,nodev,uhelper=udisks2,allow_other,nonempty,relatime,default_permissions,fsname=/dev/sda5,blkdev,blksize=4096
Oct  4 02:27:00 villain-Lenovo-G580 ntfs-3g[3356]: Global ownership and permissions enforced, configuration type 7
Oct  4 02:27:00 villain-Lenovo-G580 udisksd[1901]: Mounted /dev/sda5 at /media/villain/44BA5E9EBA5E8BF4 on behalf of uid 1000
Oct  4 02:39:01 villain-Lenovo-G580 CRON[3823]: (root) CMD (  [ -x /usr/lib/php5/maxlifetime ] && [ -x /usr/lib/php5/sessionclean ] && [ -d /var/lib/php5 ] && /usr/lib/php5/sessionclean /var/lib/php5 $(/usr/lib/php5/maxlifetime))
Oct  4 02:41:15 villain-Lenovo-G580 dhclient: DHCPREQUEST of 192.168.0.104 on wlan0 to 192.168.0.1 port 67 (xid=0xc34ba6c)
Oct  4 02:41:15 villain-Lenovo-G580 dhclient: DHCPACK of 192.168.0.104 from 192.168.0.1
Oct  4 02:41:15 villain-Lenovo-G580 dhclient: bound to 192.168.0.104 -- renewal in 2772 seconds.
Oct  4 02:41:15 villain-Lenovo-G580 NetworkManager[917]: <info> (wlan0): DHCPv4 state changed reboot -> renew
Oct  4 02:41:15 villain-Lenovo-G580 NetworkManager[917]: <info>   address 192.168.0.104
Oct  4 02:41:15 villain-Lenovo-G580 NetworkManager[917]: <info>   prefix 24 (255.255.255.0)
Oct  4 02:41:15 villain-Lenovo-G580 NetworkManager[917]: <info>   gateway 192.168.0.1
Oct  4 02:41:15 villain-Lenovo-G580 NetworkManager[917]: <info>   nameserver '192.168.0.1'
Oct  4 02:41:15 villain-Lenovo-G580 dbus[621]: [system] Activating service name='org.freedesktop.nm_dispatcher' (using servicehelper)
Oct  4 02:41:15 villain-Lenovo-G580 dbus[621]: [system] Successfully activated service 'org.freedesktop.nm_dispatcher'
Oct  4 03:03:43 villain-Lenovo-G580 kernel: [ 4098.471871] CPU3: Core temperature above threshold, cpu clock throttled (total events = 20869)
Oct  4 03:03:43 villain-Lenovo-G580 kernel: [ 4098.471872] CPU2: Core temperature above threshold, cpu clock throttled (total events = 20869)
Oct  4 03:03:43 villain-Lenovo-G580 kernel: [ 4098.471875] CPU1: Package temperature above threshold, cpu clock throttled (total events = 25039)
Oct  4 03:03:43 villain-Lenovo-G580 kernel: [ 4098.471876] CPU0: Package temperature above threshold, cpu clock throttled (total events = 25052)
Oct  4 03:03:43 villain-Lenovo-G580 kernel: [ 4098.471877] CPU2: Package temperature above threshold, cpu clock throttled (total events = 25037)
Oct  4 03:03:43 villain-Lenovo-G580 kernel: [ 4098.471887] CPU3: Package temperature above threshold, cpu clock throttled (total events = 25034)
Oct  4 03:03:43 villain-Lenovo-G580 kernel: [ 4098.472889] CPU3: Core temperature/speed normal
Oct  4 03:03:43 villain-Lenovo-G580 kernel: [ 4098.472890] CPU2: Core temperature/speed normal
Oct  4 03:03:43 villain-Lenovo-G580 kernel: [ 4098.472892] CPU1: Package temperature/speed normal
Oct  4 03:03:43 villain-Lenovo-G580 kernel: [ 4098.472893] CPU0: Package temperature/speed normal
Oct  4 03:03:43 villain-Lenovo-G580 kernel: [ 4098.472894] CPU2: Package temperature/speed normal
Oct  4 03:03:43 villain-Lenovo-G580 kernel: [ 4098.472902] CPU3: Package temperature/speed normal
Oct  4 03:04:25 villain-Lenovo-G580 NetworkManager[917]: <info> (wlan0): device state change: activated -> unavailable (reason 'none') [100 20 0]
Oct  4 03:04:25 villain-Lenovo-G580 NetworkManager[917]: <info> (wlan0): deactivating device (reason 'none') [0]
Oct  4 03:04:25 villain-Lenovo-G580 NetworkManager[917]: <info> (wlan0): canceled DHCP transaction, DHCP client pid 1111
Oct  4 03:03:15 villain-Lenovo-G580 wpa_supplicant[1079]: message repeated 35 times: [ wlan0: CTRL-EVENT-SCAN-STARTED ]
Oct  4 03:04:25 villain-Lenovo-G580 wpa_supplicant[1079]: wlan0: CTRL-EVENT-DISCONNECTED bssid=10:fe:ed:be:39:3a reason=3 locally_generated=1
Oct  4 03:04:25 villain-Lenovo-G580 wpa_supplicant[1079]: nl80211: Was expecting local disconnect but got another disconnect event first
Oct  4 03:04:25 villain-Lenovo-G580 avahi-daemon[807]: Withdrawing address record for 192.168.0.104 on wlan0.
Oct  4 03:04:25 villain-Lenovo-G580 avahi-daemon[807]: Leaving mDNS multicast group on interface wlan0.IPv4 with address 192.168.0.104.
Oct  4 03:04:25 villain-Lenovo-G580 avahi-daemon[807]: Interface wlan0.IPv4 no longer relevant for mDNS.
Oct  4 03:04:25 villain-Lenovo-G580 NetworkManager[917]: <warn> DNS: plugin dnsmasq update failed
Oct  4 03:04:25 villain-Lenovo-G580 NetworkManager[917]: <info> Removing DNS information from /sbin/resolvconf
Oct  4 03:04:25 villain-Lenovo-G580 dnsmasq[1152]: setting upstream servers from DBus
Oct  4 03:04:25 villain-Lenovo-G580 kernel: [ 4140.617022] cfg80211: Calling CRDA to update world regulatory domain
Oct  4 03:04:25 villain-Lenovo-G580 kernel: [ 4140.623956] cfg80211: World regulatory domain updated:
Oct  4 03:04:25 villain-Lenovo-G580 kernel: [ 4140.623963] cfg80211:  DFS Master region: unset
Oct  4 03:04:25 villain-Lenovo-G580 kernel: [ 4140.623966] cfg80211:   (start_freq - end_freq @ bandwidth), (max_antenna_gain, max_eirp), (dfs_cac_time)
Oct  4 03:04:25 villain-Lenovo-G580 kernel: [ 4140.623973] cfg80211:   (2402000 KHz - 2472000 KHz @ 40000 KHz), (300 mBi, 2000 mBm), (N/A)
Oct  4 03:04:25 villain-Lenovo-G580 kernel: [ 4140.623977] cfg80211:   (2457000 KHz - 2482000 KHz @ 40000 KHz), (300 mBi, 2000 mBm), (N/A)
Oct  4 03:04:25 villain-Lenovo-G580 kernel: [ 4140.623982] cfg80211:   (2474000 KHz - 2494000 KHz @ 20000 KHz), (300 mBi, 2000 mBm), (N/A)
Oct  4 03:04:25 villain-Lenovo-G580 kernel: [ 4140.623986] cfg80211:   (5170000 KHz - 5250000 KHz @ 40000 KHz), (300 mBi, 2000 mBm), (N/A)
Oct  4 03:04:25 villain-Lenovo-G580 kernel: [ 4140.623990] cfg80211:   (5735000 KHz - 5835000 KHz @ 40000 KHz), (300 mBi, 2000 mBm), (N/A)
Oct  4 03:04:25 villain-Lenovo-G580 NetworkManager[917]: <info> NetworkManager state is now DISCONNECTED
Oct  4 01:56:03 villain-Lenovo-G580 whoopsie[1122]: online
Oct  4 03:04:25 villain-Lenovo-G580 whoopsie[1122]: offline
Oct  4 03:04:25 villain-Lenovo-G580 dbus[621]: [system] Activating service name='org.freedesktop.nm_dispatcher' (using servicehelper)
Oct  4 03:04:25 villain-Lenovo-G580 NetworkManager[917]: <info> (wlan0): taking down device.
Oct  4 03:04:25 villain-Lenovo-G580 avahi-daemon[807]: Interface wlan0.IPv6 no longer relevant for mDNS.
Oct  4 03:04:25 villain-Lenovo-G580 avahi-daemon[807]: Leaving mDNS multicast group on interface wlan0.IPv6 with address fe80::6a94:23ff:fe07:8185.
Oct  4 03:04:25 villain-Lenovo-G580 avahi-daemon[807]: Withdrawing address record for fe80::6a94:23ff:fe07:8185 on wlan0.
Oct  4 03:04:25 villain-Lenovo-G580 dbus[621]: [system] Successfully activated service 'org.freedesktop.nm_dispatcher'
Oct  4 03:04:25 villain-Lenovo-G580 NetworkManager[917]: <info> WiFi hardware radio set disabled
Oct  4 03:04:25 villain-Lenovo-G580 NetworkManager[917]: <info> WiFi now disabled by radio killswitch
Oct  4 03:04:32 villain-Lenovo-G580 bluetoothd[750]: Adapter /org/bluez/750/hci0 has been disabled
Oct  4 03:05:16 villain-Lenovo-G580 NetworkManager[917]: <info> disable requested (sleeping: no  enabled: yes)
Oct  4 03:05:16 villain-Lenovo-G580 NetworkManager[917]: <info> sleeping or disabling...
Oct  4 03:05:16 villain-Lenovo-G580 NetworkManager[917]: <info> (wlan0): device state change: unavailable -> unmanaged (reason 'sleeping') [20 10 37]
Oct  4 03:05:16 villain-Lenovo-G580 NetworkManager[917]: <info> (wlan0): cleaning up...
Oct  4 03:05:16 villain-Lenovo-G580 NetworkManager[917]: <info> NetworkManager state is now ASLEEP
Oct  4 03:05:16 villain-Lenovo-G580 NetworkManager[917]: <info> (eth0): device state change: unavailable -> unmanaged (reason 'sleeping') [20 10 37]
Oct  4 03:05:16 villain-Lenovo-G580 NetworkManager[917]: <info> (eth0): cleaning up...
Oct  4 03:05:16 villain-Lenovo-G580 NetworkManager[917]: <info> (eth0): taking down device.
Oct  4 03:05:24 villain-Lenovo-G580 bluetoothd[750]: Adapter /org/bluez/750/hci0 has been enabled
Oct  4 03:05:26 villain-Lenovo-G580 NetworkManager[917]: <info> enable requested (sleeping: no  enabled: no)
Oct  4 03:05:26 villain-Lenovo-G580 NetworkManager[917]: <info> waking up and re-enabling...
Oct  4 03:05:26 villain-Lenovo-G580 NetworkManager[917]: <info> WWAN now enabled by management service
Oct  4 03:05:26 villain-Lenovo-G580 NetworkManager[917]: <info> (wlan0): device state change: unmanaged -> unavailable (reason 'managed') [10 20 2]
Oct  4 03:05:26 villain-Lenovo-G580 NetworkManager[917]: <info> (wlan0): bringing up device.
Oct  4 03:05:26 villain-Lenovo-G580 NetworkManager[917]: <info> (wlan0): deactivating device (reason 'managed') [2]
Oct  4 03:05:26 villain-Lenovo-G580 NetworkManager[917]: <info> Unmanaged Device found; state CONNECTED forced. (see http://bugs.launchpad.net/bugs/191889)
Oct  4 03:05:26 villain-Lenovo-G580 NetworkManager[917]: <info> Unmanaged Device found; state CONNECTED forced. (see http://bugs.launchpad.net/bugs/191889)
Oct  4 03:05:26 villain-Lenovo-G580 NetworkManager[917]: <info> NetworkManager state is now CONNECTED_GLOBAL
Oct  4 03:05:26 villain-Lenovo-G580 NetworkManager[917]: <info> Unmanaged Device found; state CONNECTED forced. (see http://bugs.launchpad.net/bugs/191889)
Oct  4 03:05:26 villain-Lenovo-G580 NetworkManager[917]: <info> (eth0): device state change: unmanaged -> unavailable (reason 'managed') [10 20 2]
Oct  4 03:05:26 villain-Lenovo-G580 NetworkManager[917]: <info> (eth0): bringing up device.
Oct  4 03:05:26 villain-Lenovo-G580 kernel: [ 4202.023442] alx 0000:04:00.0: irq 46 for MSI/MSI-X
Oct  4 03:05:26 villain-Lenovo-G580 kernel: [ 4202.024088] IPv6: ADDRCONF(NETDEV_UP): eth0: link is not ready
Oct  4 03:05:26 villain-Lenovo-G580 NetworkManager[917]: <info> (eth0): preparing device.
Oct  4 03:05:26 villain-Lenovo-G580 NetworkManager[917]: <info> (eth0): deactivating device (reason 'managed') [2]
Oct  4 03:05:26 villain-Lenovo-G580 NetworkManager[917]: <info> NetworkManager state is now DISCONNECTED
Oct  4 03:05:28 villain-Lenovo-G580 kernel: [ 4203.233320] mce: [Hardware Error]: Machine check events logged
Oct  4 03:05:29 villain-Lenovo-G580 NetworkManager[917]: <info> (wlan0): bringing up device.
Oct  4 03:05:30 villain-Lenovo-G580 NetworkManager[917]: <info> WiFi hardware radio set enabled
Oct  4 03:05:30 villain-Lenovo-G580 NetworkManager[917]: <info> WiFi now enabled by radio killswitch
Oct  4 03:05:30 villain-Lenovo-G580 NetworkManager[917]: <info> (wlan0): bringing up device.
Oct  4 03:05:30 villain-Lenovo-G580 NetworkManager[917]: <info> (wlan0) supports 1 scan SSIDs
Oct  4 03:05:30 villain-Lenovo-G580 NetworkManager[917]: <info> (wlan0): supplicant interface state: starting -> ready
Oct  4 03:05:30 villain-Lenovo-G580 NetworkManager[917]: <info> (wlan0): device state change: unavailable -> disconnected (reason 'supplicant-available') [20 30 42]
Oct  4 03:05:30 villain-Lenovo-G580 NetworkManager[917]: <warn> Trying to remove a non-existant call id.
Oct  4 03:05:30 villain-Lenovo-G580 wpa_supplicant[1079]: wlan0: Reject scan trigger since one is already pending
Oct  4 03:05:30 villain-Lenovo-G580 wpa_supplicant[1079]: wlan0: CTRL-EVENT-SCAN-STARTED 
Oct  4 03:05:30 villain-Lenovo-G580 NetworkManager[917]: <info> (wlan0): supplicant interface state: ready -> disconnected
Oct  4 03:05:30 villain-Lenovo-G580 NetworkManager[917]: <info> (wlan0) supports 1 scan SSIDs
Oct  4 03:05:30 villain-Lenovo-G580 NetworkManager[917]: <info> Auto-activating connection 'Ankit'.
Oct  4 03:05:30 villain-Lenovo-G580 NetworkManager[917]: <info> Activation (wlan0) starting connection 'Ankit'
Oct  4 03:05:30 villain-Lenovo-G580 NetworkManager[917]: <info> (wlan0): device state change: disconnected -> prepare (reason 'none') [30 40 0]
Oct  4 03:05:30 villain-Lenovo-G580 NetworkManager[917]: <info> NetworkManager state is now CONNECTING
Oct  4 03:05:30 villain-Lenovo-G580 NetworkManager[917]: <info> Activation (wlan0) Stage 1 of 5 (Device Prepare) scheduled...
Oct  4 03:05:30 villain-Lenovo-G580 NetworkManager[917]: <info> Activation (wlan0) Stage 1 of 5 (Device Prepare) started...
Oct  4 03:05:30 villain-Lenovo-G580 NetworkManager[917]: <info> Activation (wlan0) Stage 2 of 5 (Device Configure) scheduled...
Oct  4 03:05:30 villain-Lenovo-G580 NetworkManager[917]: <info> Activation (wlan0) Stage 1 of 5 (Device Prepare) complete.
Oct  4 03:05:30 villain-Lenovo-G580 NetworkManager[917]: <info> Activation (wlan0) Stage 2 of 5 (Device Configure) starting...
Oct  4 03:05:30 villain-Lenovo-G580 NetworkManager[917]: <info> (wlan0): device state change: prepare -> config (reason 'none') [40 50 0]
Oct  4 03:05:30 villain-Lenovo-G580 NetworkManager[917]: <info> (wlan0): preparing device.
Oct  4 03:05:30 villain-Lenovo-G580 NetworkManager[917]: <info> Activation (wlan0/wireless): access point 'Ankit' has security, but secrets are required.
Oct  4 03:05:30 villain-Lenovo-G580 NetworkManager[917]: <info> (wlan0): device state change: config -> need-auth (reason 'none') [50 60 0]
Oct  4 03:05:30 villain-Lenovo-G580 NetworkManager[917]: <info> Activation (wlan0) Stage 2 of 5 (Device Configure) complete.
Oct  4 03:05:30 villain-Lenovo-G580 NetworkManager[917]: <info> (wlan0): supplicant interface state: disconnected -> inactive
Oct  4 03:05:30 villain-Lenovo-G580 NetworkManager[917]: <info> Activation (wlan0) Stage 1 of 5 (Device Prepare) scheduled...
Oct  4 03:05:30 villain-Lenovo-G580 NetworkManager[917]: <info> Activation (wlan0) Stage 1 of 5 (Device Prepare) started...
Oct  4 03:05:30 villain-Lenovo-G580 NetworkManager[917]: <info> (wlan0): device state change: need-auth -> prepare (reason 'none') [60 40 0]
Oct  4 03:05:30 villain-Lenovo-G580 NetworkManager[917]: <info> Activation (wlan0) Stage 2 of 5 (Device Configure) scheduled...
Oct  4 03:05:30 villain-Lenovo-G580 NetworkManager[917]: <info> Activation (wlan0) Stage 1 of 5 (Device Prepare) complete.
Oct  4 03:05:30 villain-Lenovo-G580 NetworkManager[917]: <info> Activation (wlan0) Stage 2 of 5 (Device Configure) starting...
Oct  4 03:05:30 villain-Lenovo-G580 NetworkManager[917]: <info> (wlan0): device state change: prepare -> config (reason 'none') [40 50 0]
Oct  4 03:05:30 villain-Lenovo-G580 NetworkManager[917]: <info> Activation (wlan0/wireless): connection 'Ankit' has security, and secrets exist.  No new secrets needed.
Oct  4 03:05:30 villain-Lenovo-G580 NetworkManager[917]: <info> Config: added 'ssid' value 'Ankit'
Oct  4 03:05:30 villain-Lenovo-G580 NetworkManager[917]: <info> Config: added 'scan_ssid' value '1'
Oct  4 03:05:30 villain-Lenovo-G580 NetworkManager[917]: <info> Config: added 'key_mgmt' value 'WPA-PSK'
Oct  4 03:05:30 villain-Lenovo-G580 NetworkManager[917]: <info> Config: added 'auth_alg' value 'OPEN'
Oct  4 03:05:30 villain-Lenovo-G580 NetworkManager[917]: <info> Config: added 'psk' value '<omitted>'
Oct  4 03:05:30 villain-Lenovo-G580 NetworkManager[917]: <info> Activation (wlan0) Stage 2 of 5 (Device Configure) complete.
Oct  4 03:05:30 villain-Lenovo-G580 NetworkManager[917]: <info> Config: set interface ap_scan to 1
Oct  4 03:05:30 villain-Lenovo-G580 wpa_supplicant[1079]: wlan0: Trying to associate with 10:fe:ed:be:39:3a (SSID='Ankit' freq=2437 MHz)
Oct  4 03:05:30 villain-Lenovo-G580 NetworkManager[917]: <info> (wlan0): supplicant interface state: inactive -> associating
Oct  4 03:05:31 villain-Lenovo-G580 wpa_supplicant[1079]: wlan0: Associated with 10:fe:ed:be:39:3a
Oct  4 03:05:31 villain-Lenovo-G580 kernel: [ 4206.273181] cfg80211: Calling CRDA for country: IN
Oct  4 03:05:31 villain-Lenovo-G580 NetworkManager[917]: <info> (wlan0): supplicant interface state: associating -> 4-way handshake
Oct  4 03:05:31 villain-Lenovo-G580 kernel: [ 4206.275959] cfg80211: Regulatory domain changed to country: IN
Oct  4 03:05:31 villain-Lenovo-G580 kernel: [ 4206.275963] cfg80211:  DFS Master region: unset
Oct  4 03:05:31 villain-Lenovo-G580 kernel: [ 4206.275965] cfg80211:   (start_freq - end_freq @ bandwidth), (max_antenna_gain, max_eirp), (dfs_cac_time)
Oct  4 03:05:31 villain-Lenovo-G580 kernel: [ 4206.275968] cfg80211:   (2402000 KHz - 2482000 KHz @ 40000 KHz), (N/A, 2000 mBm), (N/A)
Oct  4 03:05:31 villain-Lenovo-G580 kernel: [ 4206.275970] cfg80211:   (5170000 KHz - 5250000 KHz @ 40000 KHz), (N/A, 2000 mBm), (N/A)
Oct  4 03:05:31 villain-Lenovo-G580 kernel: [ 4206.275972] cfg80211:   (5250000 KHz - 5330000 KHz @ 40000 KHz), (N/A, 2000 mBm), (0 s)
Oct  4 03:05:31 villain-Lenovo-G580 kernel: [ 4206.275975] cfg80211:   (5735000 KHz - 5835000 KHz @ 40000 KHz), (N/A, 2000 mBm), (N/A)
Oct  4 03:05:31 villain-Lenovo-G580 wpa_supplicant[1079]: wlan0: WPA: Key negotiation completed with 10:fe:ed:be:39:3a [PTK=CCMP GTK=CCMP]
Oct  4 03:05:31 villain-Lenovo-G580 wpa_supplicant[1079]: wlan0: CTRL-EVENT-CONNECTED - Connection to 10:fe:ed:be:39:3a completed [id=0 id_str=]
Oct  4 03:05:31 villain-Lenovo-G580 NetworkManager[917]: <info> (wlan0): supplicant interface state: 4-way handshake -> completed
Oct  4 03:05:31 villain-Lenovo-G580 NetworkManager[917]: <info> Activation (wlan0/wireless) Stage 2 of 5 (Device Configure) successful.  Connected to wireless network 'Ankit'.
Oct  4 03:05:31 villain-Lenovo-G580 NetworkManager[917]: <info> Activation (wlan0) Stage 3 of 5 (IP Configure Start) scheduled.
Oct  4 03:05:31 villain-Lenovo-G580 NetworkManager[917]: <info> Activation (wlan0) Stage 3 of 5 (IP Configure Start) started...
Oct  4 03:05:31 villain-Lenovo-G580 NetworkManager[917]: <info> (wlan0): device state change: config -> ip-config (reason 'none') [50 70 0]
Oct  4 03:05:31 villain-Lenovo-G580 NetworkManager[917]: <info> Activation (wlan0) Beginning DHCPv4 transaction (timeout in 45 seconds)
Oct  4 03:05:31 villain-Lenovo-G580 NetworkManager[917]: <info> dhclient started with pid 5556
Oct  4 03:05:31 villain-Lenovo-G580 NetworkManager[917]: <info> Activation (wlan0) Beginning IP6 addrconf.
Oct  4 03:05:31 villain-Lenovo-G580 NetworkManager[917]: <info> Activation (wlan0) Stage 3 of 5 (IP Configure Start) complete.
Oct  4 03:05:31 villain-Lenovo-G580 dhclient: Internet Systems Consortium DHCP Client 4.2.4
Oct  4 03:05:31 villain-Lenovo-G580 dhclient: Copyright 2004-2012 Internet Systems Consortium.
Oct  4 03:05:31 villain-Lenovo-G580 dhclient: All rights reserved.
Oct  4 03:05:31 villain-Lenovo-G580 dhclient: For info, please visit https://www.isc.org/software/dhcp/
Oct  4 03:05:31 villain-Lenovo-G580 dhclient: 
Oct  4 03:05:31 villain-Lenovo-G580 NetworkManager[917]: <info> (wlan0): DHCPv4 state changed nbi -> preinit
Oct  4 03:05:31 villain-Lenovo-G580 dhclient: Listening on LPF/wlan0/68:94:23:07:81:85
Oct  4 03:05:31 villain-Lenovo-G580 dhclient: Sending on   LPF/wlan0/68:94:23:07:81:85
Oct  4 03:05:31 villain-Lenovo-G580 dhclient: Sending on   Socket/fallback
Oct  4 03:05:31 villain-Lenovo-G580 dhclient: DHCPREQUEST of 192.168.0.104 on wlan0 to 255.255.255.255 port 67 (xid=0x72a88512)
Oct  4 03:05:31 villain-Lenovo-G580 dhclient: DHCPACK of 192.168.0.104 from 192.168.0.1
Oct  4 03:05:31 villain-Lenovo-G580 dhclient: bound to 192.168.0.104 -- renewal in 2945 seconds.
Oct  4 03:05:31 villain-Lenovo-G580 NetworkManager[917]: <info> (wlan0): DHCPv4 state changed preinit -> reboot
Oct  4 03:05:31 villain-Lenovo-G580 NetworkManager[917]: <info>   address 192.168.0.104
Oct  4 03:05:31 villain-Lenovo-G580 NetworkManager[917]: <info>   prefix 24 (255.255.255.0)
Oct  4 03:05:31 villain-Lenovo-G580 NetworkManager[917]: <info>   gateway 192.168.0.1
Oct  4 03:05:31 villain-Lenovo-G580 NetworkManager[917]: <info>   nameserver '192.168.0.1'
Oct  4 03:05:31 villain-Lenovo-G580 NetworkManager[917]: <info> Activation (wlan0) Stage 5 of 5 (IPv4 Configure Commit) scheduled...
Oct  4 03:05:31 villain-Lenovo-G580 NetworkManager[917]: <info> Activation (wlan0) Stage 5 of 5 (IPv4 Commit) started...
Oct  4 03:05:31 villain-Lenovo-G580 avahi-daemon[807]: Joining mDNS multicast group on interface wlan0.IPv4 with address 192.168.0.104.
Oct  4 03:05:31 villain-Lenovo-G580 avahi-daemon[807]: New relevant interface wlan0.IPv4 for mDNS.
Oct  4 03:05:31 villain-Lenovo-G580 avahi-daemon[807]: Registering new address record for 192.168.0.104 on wlan0.IPv4.
Oct  4 03:05:32 villain-Lenovo-G580 NetworkManager[917]: <info> (wlan0): device state change: ip-config -> secondaries (reason 'none') [70 90 0]
Oct  4 03:05:32 villain-Lenovo-G580 NetworkManager[917]: <info> Activation (wlan0) Stage 5 of 5 (IPv4 Commit) complete.
Oct  4 03:05:32 villain-Lenovo-G580 NetworkManager[917]: <info> (wlan0): device state change: secondaries -> activated (reason 'none') [90 100 0]
Oct  4 03:05:32 villain-Lenovo-G580 NetworkManager[917]: <info> NetworkManager state is now CONNECTED_GLOBAL
Oct  4 03:05:32 villain-Lenovo-G580 NetworkManager[917]: <info> Policy set 'Ankit' (wlan0) as default for IPv4 routing and DNS.
Oct  4 03:05:32 villain-Lenovo-G580 NetworkManager[917]: <info> Writing DNS information to /sbin/resolvconf
Oct  4 03:05:32 villain-Lenovo-G580 dnsmasq[1152]: setting upstream servers from DBus
Oct  4 03:05:32 villain-Lenovo-G580 dnsmasq[1152]: using nameserver 192.168.0.1#53
Oct  4 03:05:32 villain-Lenovo-G580 NetworkManager[917]: <info> Activation (wlan0) successful, device activated.
Oct  4 03:05:32 villain-Lenovo-G580 dbus[621]: [system] Activating service name='org.freedesktop.nm_dispatcher' (using servicehelper)
Oct  4 03:05:32 villain-Lenovo-G580 dbus[621]: [system] Successfully activated service 'org.freedesktop.nm_dispatcher'
Oct  4 03:05:32 villain-Lenovo-G580 whoopsie[1122]: message repeated 5 times: [ offline]
Oct  4 03:05:32 villain-Lenovo-G580 whoopsie[1122]: online
Oct  4 03:05:32 villain-Lenovo-G580 CapNetAssist: DetectCaptivePortal script triggered
Oct  4 03:05:32 villain-Lenovo-G580 CapNetAssist: Display set as: :0
Oct  4 03:05:32 villain-Lenovo-G580 CapNetAssist: Running browser as 'villain' to login in captive portal
Oct  4 03:05:33 villain-Lenovo-G580 avahi-daemon[807]: Joining mDNS multicast group on interface wlan0.IPv6 with address fe80::6a94:23ff:fe07:8185.
Oct  4 03:05:33 villain-Lenovo-G580 avahi-daemon[807]: New relevant interface wlan0.IPv6 for mDNS.
Oct  4 03:05:33 villain-Lenovo-G580 avahi-daemon[807]: Registering new address record for fe80::6a94:23ff:fe07:8185 on wlan0.*.
Oct  4 03:05:35 villain-Lenovo-G580 nm-dispatcher.action: Script '/etc/NetworkManager/dispatcher.d/90captive_portal_test' took too long; killing it.
Oct  4 03:05:35 villain-Lenovo-G580 NetworkManager[917]: <warn> Dispatcher script timed out: Script '/etc/NetworkManager/dispatcher.d/90captive_portal_test' timed out.
Oct  4 03:05:39 villain-Lenovo-G580 ntpdate[5622]: adjust time server 91.189.94.4 offset 0.037335 sec
Oct  4 03:05:51 villain-Lenovo-G580 NetworkManager[917]: <info> (wlan0): IP6 addrconf timed out or failed.
Oct  4 03:05:51 villain-Lenovo-G580 NetworkManager[917]: <info> Activation (wlan0) Stage 4 of 5 (IPv6 Configure Timeout) scheduled...
Oct  4 03:05:51 villain-Lenovo-G580 NetworkManager[917]: <info> Activation (wlan0) Stage 4 of 5 (IPv6 Configure Timeout) started...
Oct  4 03:05:51 villain-Lenovo-G580 NetworkManager[917]: <info> Activation (wlan0) Stage 4 of 5 (IPv6 Configure Timeout) complete.
Oct  4 03:05:53 villain-Lenovo-G580 wpa_supplicant[1079]: wlan0: CTRL-EVENT-SCAN-STARTED 
Oct  4 03:08:27 villain-Lenovo-G580 dbus[621]: [system] Activating service name='org.freedesktop.systemd1' (using servicehelper)
Oct  4 03:08:27 villain-Lenovo-G580 dbus[621]: [system] Successfully activated service 'org.freedesktop.systemd1'
Oct  4 02:20:30 villain-Lenovo-G580 rsyslogd: [origin software="rsyslogd" swVersion="7.4.4" x-pid="638" x-info="http://www.rsyslog.com"] rsyslogd was HUPed
Oct  4 03:08:27 villain-Lenovo-G580 rsyslogd: [origin software="rsyslogd" swVersion="7.4.4" x-pid="638" x-info="http://www.rsyslog.com"] exiting on signal 15.
Oct  4 11:56:07 villain-Lenovo-G580 rsyslogd: [origin software="rsyslogd" swVersion="7.4.4" x-pid="591" x-info="http://www.rsyslog.com"] start
Oct  4 11:56:07 villain-Lenovo-G580 rsyslogd: rsyslogd's groupid changed to 104
Oct  4 11:56:07 villain-Lenovo-G580 rsyslogd: rsyslogd's userid changed to 101
Oct  4 11:56:07 villain-Lenovo-G580 kernel: [    0.000000] Initializing cgroup subsys cpuset
Oct  4 11:56:07 villain-Lenovo-G580 kernel: [    0.000000] Initializing cgroup subsys cpu
Oct  4 11:56:07 villain-Lenovo-G580 kernel: [    0.000000] Initializing cgroup subsys cpuacct
Oct  4 11:56:07 villain-Lenovo-G580 kernel: [    0.000000] Linux version 3.16.0-50-generic (buildd@lgw01-06) (gcc version 4.8.2 (Ubuntu 4.8.2-19ubuntu1) ) #66~14.04.1-Ubuntu SMP Thu Sep 10 17:04:58 UTC 2015 (Ubuntu 3.16.0-50.66~14.04.1-generic 3.16.7-ckt16)
Oct  4 11:56:07 villain-Lenovo-G580 kernel: [    0.000000] KERNEL supported cpus:
Oct  4 11:56:07 villain-Lenovo-G580 kernel: [    0.000000]   Intel GenuineIntel
Oct  4 11:56:07 villain-Lenovo-G580 kernel: [    0.000000]   AMD AuthenticAMD
Oct  4 11:56:07 villain-Lenovo-G580 kernel: [    0.000000]   NSC Geode by NSC
Oct  4 11:56:07 villain-Lenovo-G580 kernel: [    0.000000]   Cyrix CyrixInstead
Oct  4 11:56:07 villain-Lenovo-G580 kernel: [    0.000000]   Centaur CentaurHauls
Oct  4 11:56:07 villain-Lenovo-G580 kernel: [    0.000000]   Transmeta GenuineTMx86
Oct  4 11:56:07 villain-Lenovo-G580 kernel: [    0.000000]   Transmeta TransmetaCPU
Oct  4 11:56:07 villain-Lenovo-G580 kernel: [    0.000000]   UMC UMC UMC UMC
Oct  4 11:56:07 villain-Lenovo-G580 kernel: [    0.000000] e820: BIOS-provided physical RAM map:
Oct  4 11:56:07 villain-Lenovo-G580 kernel: [    0.000000] BIOS-e820: [mem 0x0000000000000000-0x000000000009d7ff] usable
Oct  4 11:56:07 villain-Lenovo-G580 kernel: [    0.000000] BIOS-e820: [mem 0x000000000009d800-0x000000000009ffff] reserved
Oct  4 11:56:07 villain-Lenovo-G580 kernel: [    0.000000] BIOS-e820: [mem 0x00000000000e0000-0x00000000000fffff] reserved
Oct  4 11:56:07 villain-Lenovo-G580 kernel: [    0.000000] BIOS-e820: [mem 0x0000000000100000-0x000000001fffffff] usable
Oct  4 11:56:07 villain-Lenovo-G580 kernel: [    0.000000] BIOS-e820: [mem 0x0000000020000000-0x00000000201fffff] reserved
Oct  4 11:56:07 villain-Lenovo-G580 kernel: [    0.000000] BIOS-e820: [mem 0x0000000020200000-0x0000000040003fff] usable
Oct  4 11:56:07 villain-Lenovo-G580 kernel: [    0.000000] BIOS-e820: [mem 0x0000000040004000-0x0000000040004fff] reserved
Oct  4 11:56:07 villain-Lenovo-G580 kernel: [    0.000000] BIOS-e820: [mem 0x0000000040005000-0x00000000a5993fff] usable
Oct  4 11:56:07 villain-Lenovo-G580 kernel: [    0.000000] BIOS-e820: [mem 0x00000000a5994000-0x00000000a5b95fff] reserved
Oct  4 11:56:07 villain-Lenovo-G580 kernel: [    0.000000] BIOS-e820: [mem 0x00000000a5b96000-0x00000000d75cefff] usable
Oct  4 11:56:07 villain-Lenovo-G580 kernel: [    0.000000] BIOS-e820: [mem 0x00000000d75cf000-0x00000000daeeefff] reserved
Oct  4 11:56:07 villain-Lenovo-G580 kernel: [    0.000000] BIOS-e820: [mem 0x00000000daeef000-0x00000000daf9efff] ACPI NVS
Oct  4 11:56:07 villain-Lenovo-G580 kernel: [    0.000000] BIOS-e820: [mem 0x00000000daf9f000-0x00000000daffefff] ACPI data
Oct  4 11:56:07 villain-Lenovo-G580 kernel: [    0.000000] BIOS-e820: [mem 0x00000000dafff000-0x00000000daffffff] usable
Oct  4 11:56:07 villain-Lenovo-G580 kernel: [    0.000000] BIOS-e820: [mem 0x00000000db000000-0x00000000df9fffff] reserved
Oct  4 11:56:07 villain-Lenovo-G580 kernel: [    0.000000] BIOS-e820: [mem 0x00000000f8000000-0x00000000fbffffff] reserved
Oct  4 11:56:07 villain-Lenovo-G580 kernel: [    0.000000] BIOS-e820: [mem 0x00000000fec00000-0x00000000fec00fff] reserved
Oct  4 11:56:07 villain-Lenovo-G580 kernel: [    0.000000] BIOS-e820: [mem 0x00000000fed08000-0x00000000fed08fff] reserved
Oct  4 11:56:07 villain-Lenovo-G580 kernel: [    0.000000] BIOS-e820: [mem 0x00000000fed10000-0x00000000fed19fff] reserved
Oct  4 11:56:07 villain-Lenovo-G580 kernel: [    0.000000] BIOS-e820: [mem 0x00000000fed1c000-0x00000000fed1ffff] reserved
Oct  4 11:56:07 villain-Lenovo-G580 kernel: [    0.000000] BIOS-e820: [mem 0x00000000fee00000-0x00000000fee00fff] reserved
Oct  4 11:56:07 villain-Lenovo-G580 kernel: [    0.000000] BIOS-e820: [mem 0x00000000ffc00000-0x00000000ffffffff] reserved
Oct  4 11:56:07 villain-Lenovo-G580 kernel: [    0.000000] BIOS-e820: [mem 0x0000000100000000-0x000000011f5fffff] usable
Oct  4 11:56:07 villain-Lenovo-G580 kernel: [    0.000000] NX (Execute Disable) protection: active
Oct  4 11:56:07 villain-Lenovo-G580 kernel: [    0.000000] SMBIOS 2.7 present.
Oct  4 11:56:07 villain-Lenovo-G580 kernel: [    0.000000] DMI: LENOVO 20157/Emerald Lake 2, BIOS 62CN41WW 09/10/2012
Oct  4 11:56:07 villain-Lenovo-G580 kernel: [    0.000000] e820: update [mem 0x00000000-0x00000fff] usable ==> reserved
Oct  4 11:56:07 villain-Lenovo-G580 kernel: [    0.000000] e820: remove [mem 0x000a0000-0x000fffff] usable
Oct  4 11:56:07 villain-Lenovo-G580 kernel: [    0.000000] e820: last_pfn = 0x11f600 max_arch_pfn = 0x1000000
Oct  4 11:56:07 villain-Lenovo-G580 kernel: [    0.000000] MTRR default type: uncachable
Oct  4 11:56:07 villain-Lenovo-G580 kernel: [    0.000000] MTRR fixed ranges enabled:
Oct  4 11:56:07 villain-Lenovo-G580 kernel: [    0.000000]   00000-9FFFF write-back
Oct  4 11:56:07 villain-Lenovo-G580 kernel: [    0.000000]   A0000-BFFFF uncachable
Oct  4 11:56:07 villain-Lenovo-G580 kernel: [    0.000000]   C0000-FFFFF write-protect
Oct  4 11:56:07 villain-Lenovo-G580 kernel: [    0.000000] MTRR variable ranges enabled:
Oct  4 11:56:07 villain-Lenovo-G580 kernel: [    0.000000]   0 base 0FFC00000 mask FFFC00000 write-protect
Oct  4 11:56:07 villain-Lenovo-G580 kernel: [    0.000000]   1 base 000000000 mask F80000000 write-back
Oct  4 11:56:07 villain-Lenovo-G580 kernel: [    0.000000]   2 base 080000000 mask FC0000000 write-back
Oct  4 11:56:07 villain-Lenovo-G580 kernel: [    0.000000]   3 base 0C0000000 mask FE0000000 write-back
Oct  4 11:56:07 villain-Lenovo-G580 kernel: [    0.000000]   4 base 0DC000000 mask FFC000000 uncachable
Oct  4 11:56:07 villain-Lenovo-G580 kernel: [    0.000000]   5 base 0DB000000 mask FFF000000 uncachable
Oct  4 11:56:07 villain-Lenovo-G580 kernel: [    0.000000]   6 base 100000000 mask FE0000000 write-back
Oct  4 11:56:07 villain-Lenovo-G580 kernel: [    0.000000]   7 base 11F800000 mask FFF800000 uncachable
Oct  4 11:56:07 villain-Lenovo-G580 kernel: [    0.000000]   8 base 11F600000 mask FFFE00000 uncachable
Oct  4 11:56:07 villain-Lenovo-G580 kernel: [    0.000000]   9 disabled
Oct  4 11:56:07 villain-Lenovo-G580 kernel: [    0.000000] x86 PAT enabled: cpu 0, old 0x7040600070406, new 0x7010600070106
Oct  4 11:56:07 villain-Lenovo-G580 kernel: [    0.000000] found SMP MP-table at [mem 0x000f0130-0x000f013f] mapped at [c00f0130]
Oct  4 11:56:07 villain-Lenovo-G580 kernel: [    0.000000] Scanning 1 areas for low memory corruption
Oct  4 11:56:07 villain-Lenovo-G580 kernel: [    0.000000] initial memory mapped: [mem 0x00000000-0x021fffff]
Oct  4 11:56:07 villain-Lenovo-G580 kernel: [    0.000000] Base memory trampoline at [c0099000] 99000 size 16384
Oct  4 11:56:07 villain-Lenovo-G580 kernel: [    0.000000] init_memory_mapping: [mem 0x00000000-0x000fffff]
Oct  4 11:56:07 villain-Lenovo-G580 kernel: [    0.000000]  [mem 0x00000000-0x000fffff] page 4k
Oct  4 11:56:07 villain-Lenovo-G580 kernel: [    0.000000] init_memory_mapping: [mem 0x37400000-0x375fffff]
Oct  4 11:56:07 villain-Lenovo-G580 kernel: [    0.000000]  [mem 0x37400000-0x375fffff] page 2M
Oct  4 11:56:07 villain-Lenovo-G580 kernel: [    0.000000] init_memory_mapping: [mem 0x34000000-0x373fffff]
Oct  4 11:56:07 villain-Lenovo-G580 kernel: [    0.000000]  [mem 0x34000000-0x373fffff] page 2M
Oct  4 11:56:07 villain-Lenovo-G580 kernel: [    0.000000] init_memory_mapping: [mem 0x00100000-0x1fffffff]
Oct  4 11:56:07 villain-Lenovo-G580 kernel: [    0.000000]  [mem 0x00100000-0x001fffff] page 4k
Oct  4 11:56:07 villain-Lenovo-G580 kernel: [    0.000000]  [mem 0x00200000-0x1fffffff] page 2M
Oct  4 11:56:07 villain-Lenovo-G580 kernel: [    0.000000] init_memory_mapping: [mem 0x20200000-0x33ffffff]
Oct  4 11:56:07 villain-Lenovo-G580 kernel: [    0.000000]  [mem 0x20200000-0x33ffffff] page 2M
Oct  4 11:56:07 villain-Lenovo-G580 kernel: [    0.000000] init_memory_mapping: [mem 0x37600000-0x377fdfff]
Oct  4 11:56:07 villain-Lenovo-G580 kernel: [    0.000000]  [mem 0x37600000-0x377fdfff] page 4k
Oct  4 11:56:07 villain-Lenovo-G580 kernel: [    0.000000] BRK [0x01bd3000, 0x01bd3fff] PGTABLE
Oct  4 11:56:07 villain-Lenovo-G580 kernel: [    0.000000] BRK [0x01bd4000, 0x01bd4fff] PGTABLE
Oct  4 11:56:07 villain-Lenovo-G580 kernel: [    0.000000] RAMDISK: [mem 0x34be0000-0x365e7fff]
Oct  4 11:56:07 villain-Lenovo-G580 kernel: [    0.000000] ACPI: Early table checksum verification disabled
Oct  4 11:56:07 villain-Lenovo-G580 kernel: [    0.000000] ACPI: RSDP 0x00000000000F0150 000024 (v02 LENOVO)
Oct  4 11:56:07 villain-Lenovo-G580 kernel: [    0.000000] ACPI: XSDT 0x00000000DAFFE170 00008C (v01 LENOVO CB-01    00000001 LENO 00000001)
Oct  4 11:56:07 villain-Lenovo-G580 kernel: [    0.000000] ACPI: FACP 0x00000000DAFED000 0000F4 (v03 LENOVO CB-01    00000001 LENO 00000001)
Oct  4 11:56:07 villain-Lenovo-G580 kernel: [    0.000000] ACPI: DSDT 0x00000000DAFF0000 00A4BA (v02 LENOVO IVB-CPT  00000000 INTL 20061109)
Oct  4 11:56:07 villain-Lenovo-G580 kernel: [    0.000000] ACPI: FACS 0x00000000DAF7C000 000040
Oct  4 11:56:07 villain-Lenovo-G580 kernel: [    0.000000] ACPI: FACS 0x00000000DAF7C000 000040
Oct  4 11:56:07 villain-Lenovo-G580 kernel: [    0.000000] ACPI: SLIC 0x00000000DAFFD000 000176 (v01 LENOVO CB-01    00000001 LENO 00000001)
Oct  4 11:56:07 villain-Lenovo-G580 kernel: [    0.000000] ACPI: SSDT 0x00000000DAFFB000 001068 (v01 LENOVO PtidDevc 00001000 INTL 20061109)
Oct  4 11:56:07 villain-Lenovo-G580 kernel: [    0.000000] ACPI: ASF! 0x00000000DAFEF000 0000A5 (v32 LENOVO CB-01    00000001 LENO 00000001)
Oct  4 11:56:07 villain-Lenovo-G580 kernel: [    0.000000] ACPI: HPET 0x00000000DAFEC000 000038 (v01 LENOVO CB-01    00000001 LENO 00000001)
Oct  4 11:56:07 villain-Lenovo-G580 kernel: [    0.000000] ACPI: APIC 0x00000000DAFEB000 000098 (v01 LENOVO CB-01    00000001 LENO 00000001)
Oct  4 11:56:07 villain-Lenovo-G580 kernel: [    0.000000] ACPI: MCFG 0x00000000DAFEA000 00003C (v01 LENOVO CB-01    00000001 LENO 00000001)
Oct  4 11:56:07 villain-Lenovo-G580 kernel: [    0.000000] ACPI: SSDT 0x00000000DAFE9000 0008E4 (v01 PmRef  Cpu0Ist  00003000 INTL 20061109)
Oct  4 11:56:07 villain-Lenovo-G580 kernel: [    0.000000] ACPI: SSDT 0x00000000DAFE8000 000A92 (v01 PmRef  CpuPm    00003000 INTL 20061109)
Oct  4 11:56:07 villain-Lenovo-G580 kernel: [    0.000000] ACPI: UEFI 0x00000000DAFE7000 00003E (v01 LENOVO CB-01    00000001 LENO 00000001)
Oct  4 11:56:07 villain-Lenovo-G580 kernel: [    0.000000] ACPI: UEFI 0x00000000DAFE6000 000042 (v01 PTL    COMBUF   00000001 PTL  00000001)
Oct  4 11:56:07 villain-Lenovo-G580 kernel: [    0.000000] ACPI: POAT 0x00000000DAFE5000 000055 (v03 LENOVO CB-01    00000001 LENO 00000001)
Oct  4 11:56:07 villain-Lenovo-G580 kernel: [    0.000000] ACPI: UEFI 0x00000000DAFE4000 000292 (v01 LENOVO CB-01    00000001 LENO 00000001)
Oct  4 11:56:07 villain-Lenovo-G580 kernel: [    0.000000] ACPI: Local APIC address 0xfee00000
Oct  4 11:56:07 villain-Lenovo-G580 kernel: [    0.000000] 3710MB HIGHMEM available.
Oct  4 11:56:07 villain-Lenovo-G580 kernel: [    0.000000] 887MB LOWMEM available.
Oct  4 11:56:07 villain-Lenovo-G580 kernel: [    0.000000]   mapped low ram: 0 - 377fe000
Oct  4 11:56:07 villain-Lenovo-G580 kernel: [    0.000000]   low ram: 0 - 377fe000
Oct  4 11:56:07 villain-Lenovo-G580 kernel: [    0.000000] BRK [0x01bd5000, 0x01bd5fff] PGTABLE
Oct  4 11:56:07 villain-Lenovo-G580 kernel: [    0.000000] Zone ranges:
Oct  4 11:56:07 villain-Lenovo-G580 kernel: [    0.000000]   DMA      [mem 0x00001000-0x00ffffff]
Oct  4 11:56:07 villain-Lenovo-G580 kernel: [    0.000000]   Normal   [mem 0x01000000-0x377fdfff]
Oct  4 11:56:07 villain-Lenovo-G580 kernel: [    0.000000]   HighMem  [mem 0x377fe000-0x1f5fffff]
Oct  4 11:56:07 villain-Lenovo-G580 kernel: [    0.000000] Movable zone start for each node
Oct  4 11:56:07 villain-Lenovo-G580 kernel: [    0.000000] Early memory node ranges
Oct  4 11:56:07 villain-Lenovo-G580 kernel: [    0.000000]   node   0: [mem 0x00001000-0x0009cfff]
Oct  4 11:56:07 villain-Lenovo-G580 kernel: [    0.000000]   node   0: [mem 0x00100000-0x1fffffff]
Oct  4 11:56:07 villain-Lenovo-G580 kernel: [    0.000000]   node   0: [mem 0x20200000-0x40003fff]
Oct  4 11:56:07 villain-Lenovo-G580 kernel: [    0.000000]   node   0: [mem 0x40005000-0xa5993fff]
Oct  4 11:56:07 villain-Lenovo-G580 kernel: [    0.000000]   node   0: [mem 0xa5b96000-0xd75cefff]
Oct  4 11:56:07 villain-Lenovo-G580 kernel: [    0.000000]   node   0: [mem 0xdafff000-0xdaffffff]
Oct  4 11:56:07 villain-Lenovo-G580 kernel: [    0.000000]   node   0: [mem 0x00000000-0x1f5fffff]
Oct  4 11:56:07 villain-Lenovo-G580 kernel: [    0.000000] On node 0 totalpages: 1009513
Oct  4 11:56:07 villain-Lenovo-G580 kernel: [    0.000000]   DMA zone: 32 pages used for memmap
Oct  4 11:56:07 villain-Lenovo-G580 kernel: [    0.000000]   DMA zone: 0 pages reserved
Oct  4 11:56:07 villain-Lenovo-G580 kernel: [    0.000000]   DMA zone: 3996 pages, LIFO batch:0
Oct  4 11:56:07 villain-Lenovo-G580 kernel: [    0.000000]   Normal zone: 1744 pages used for memmap
Oct  4 11:56:07 villain-Lenovo-G580 kernel: [    0.000000]   Normal zone: 222718 pages, LIFO batch:31
Oct  4 11:56:07 villain-Lenovo-G580 kernel: [    0.000000]   HighMem zone: 6116 pages used for memmap
Oct  4 11:56:07 villain-Lenovo-G580 kernel: [    0.000000]   HighMem zone: 782799 pages, LIFO batch:31
Oct  4 11:56:07 villain-Lenovo-G580 kernel: [    0.000000] Using APIC driver default
Oct  4 11:56:07 villain-Lenovo-G580 kernel: [    0.000000] Reserving Intel graphics stolen memory at 0xdba00000-0xdf9fffff
Oct  4 11:56:07 villain-Lenovo-G580 kernel: [    0.000000] ACPI: PM-Timer IO Port: 0x408
Oct  4 11:56:07 villain-Lenovo-G580 kernel: [    0.000000] ACPI: Local APIC address 0xfee00000
Oct  4 11:56:07 villain-Lenovo-G580 kernel: [    0.000000] ACPI: LAPIC (acpi_id[0x01] lapic_id[0x00] enabled)
Oct  4 11:56:07 villain-Lenovo-G580 kernel: [    0.000000] ACPI: LAPIC (acpi_id[0x02] lapic_id[0x01] enabled)
Oct  4 11:56:07 villain-Lenovo-G580 kernel: [    0.000000] ACPI: LAPIC (acpi_id[0x03] lapic_id[0x02] enabled)
Oct  4 11:56:07 villain-Lenovo-G580 kernel: [    0.000000] ACPI: LAPIC (acpi_id[0x04] lapic_id[0x03] enabled)
Oct  4 11:56:07 villain-Lenovo-G580 kernel: [    0.000000] ACPI: LAPIC (acpi_id[0x05] lapic_id[0x00] disabled)
Oct  4 11:56:07 villain-Lenovo-G580 kernel: [    0.000000] ACPI: LAPIC (acpi_id[0x06] lapic_id[0x00] disabled)
Oct  4 11:56:07 villain-Lenovo-G580 kernel: [    0.000000] ACPI: LAPIC (acpi_id[0x07] lapic_id[0x00] disabled)
Oct  4 11:56:07 villain-Lenovo-G580 kernel: [    0.000000] ACPI: LAPIC (acpi_id[0x08] lapic_id[0x00] disabled)
Oct  4 11:56:07 villain-Lenovo-G580 kernel: [    0.000000] ACPI: LAPIC_NMI (acpi_id[0x00] high edge lint[0x1])
Oct  4 11:56:07 villain-Lenovo-G580 kernel: [    0.000000] ACPI: LAPIC_NMI (acpi_id[0x01] high edge lint[0x1])
Oct  4 11:56:07 villain-Lenovo-G580 kernel: [    0.000000] ACPI: IOAPIC (id[0x02] address[0xfec00000] gsi_base[0])
Oct  4 11:56:07 villain-Lenovo-G580 kernel: [    0.000000] IOAPIC[0]: apic_id 2, version 32, address 0xfec00000, GSI 0-23
Oct  4 11:56:07 villain-Lenovo-G580 kernel: [    0.000000] ACPI: INT_SRC_OVR (bus 0 bus_irq 0 global_irq 2 dfl dfl)
Oct  4 11:56:07 villain-Lenovo-G580 kernel: [    0.000000] ACPI: INT_SRC_OVR (bus 0 bus_irq 9 global_irq 9 high level)
Oct  4 11:56:07 villain-Lenovo-G580 kernel: [    0.000000] ACPI: IRQ0 used by override.
Oct  4 11:56:07 villain-Lenovo-G580 kernel: [    0.000000] ACPI: IRQ2 used by override.
Oct  4 11:56:07 villain-Lenovo-G580 kernel: [    0.000000] ACPI: IRQ9 used by override.
Oct  4 11:56:07 villain-Lenovo-G580 kernel: [    0.000000] Using ACPI (MADT) for SMP configuration information
Oct  4 11:56:07 villain-Lenovo-G580 kernel: [    0.000000] ACPI: HPET id: 0x8086a301 base: 0xfed00000
Oct  4 11:56:07 villain-Lenovo-G580 kernel: [    0.000000] smpboot: Allowing 8 CPUs, 4 hotplug CPUs
Oct  4 11:56:07 villain-Lenovo-G580 kernel: [    0.000000] nr_irqs_gsi: 40
Oct  4 11:56:07 villain-Lenovo-G580 kernel: [    0.000000] PM: Registered nosave memory: [mem 0x0009d000-0x0009dfff]
Oct  4 11:56:07 villain-Lenovo-G580 kernel: [    0.000000] PM: Registered nosave memory: [mem 0x0009e000-0x0009ffff]
Oct  4 11:56:07 villain-Lenovo-G580 kernel: [    0.000000] PM: Registered nosave memory: [mem 0x000a0000-0x000dffff]
Oct  4 11:56:07 villain-Lenovo-G580 kernel: [    0.000000] PM: Registered nosave memory: [mem 0x000e0000-0x000fffff]
Oct  4 11:56:07 villain-Lenovo-G580 kernel: [    0.000000] PM: Registered nosave memory: [mem 0x20000000-0x201fffff]
Oct  4 11:56:07 villain-Lenovo-G580 kernel: [    0.000000] e820: [mem 0xdfa00000-0xf7ffffff] available for PCI devices
Oct  4 11:56:07 villain-Lenovo-G580 kernel: [    0.000000] Booting paravirtualized kernel on bare hardware
Oct  4 11:56:07 villain-Lenovo-G580 kernel: [    0.000000] setup_percpu: NR_CPUS:8 nr_cpumask_bits:8 nr_cpu_ids:8 nr_node_ids:1
Oct  4 11:56:07 villain-Lenovo-G580 kernel: [    0.000000] PERCPU: Embedded 14 pages/cpu @f6767000 s35008 r0 d22336 u57344
Oct  4 11:56:07 villain-Lenovo-G580 kernel: [    0.000000] pcpu-alloc: s35008 r0 d22336 u57344 alloc=14*4096
Oct  4 11:56:07 villain-Lenovo-G580 kernel: [    0.000000] pcpu-alloc: [0] 0 [0] 1 [0] 2 [0] 3 [0] 4 [0] 5 [0] 6 [0] 7 
Oct  4 11:56:07 villain-Lenovo-G580 kernel: [    0.000000] Built 1 zonelists in Zone order, mobility grouping on.  Total pages: 1007737
Oct  4 11:56:07 villain-Lenovo-G580 kernel: [    0.000000] Kernel command line: BOOT_IMAGE=/boot/vmlinuz-3.16.0-50-generic root=UUID=dc3fba22-817f-4e07-8822-94565f32abae ro quiet splash vt.handoff=7
Oct  4 11:56:07 villain-Lenovo-G580 kernel: [    0.000000] PID hash table entries: 4096 (order: 2, 16384 bytes)
Oct  4 11:56:07 villain-Lenovo-G580 kernel: [    0.000000] Dentry cache hash table entries: 131072 (order: 7, 524288 bytes)
Oct  4 11:56:07 villain-Lenovo-G580 kernel: [    0.000000] Inode-cache hash table entries: 65536 (order: 6, 262144 bytes)
Oct  4 11:56:07 villain-Lenovo-G580 kernel: [    0.000000] Initializing CPU#0
Oct  4 11:56:07 villain-Lenovo-G580 kernel: [    0.000000] xsave: enabled xstate_bv 0x7, cntxt size 0x340
Oct  4 11:56:07 villain-Lenovo-G580 kernel: [    0.000000] Initializing HighMem for node 0 (000377fe:0011f600)
Oct  4 11:56:07 villain-Lenovo-G580 kernel: [    0.000000] Initializing Movable for node 0 (00000000:00000000)
Oct  4 11:56:07 villain-Lenovo-G580 kernel: [    0.000000] Memory: 3965032K/4038052K available (6753K kernel code, 641K rwdata, 2912K rodata, 896K init, 788K bss, 73020K reserved, 3131196K highmem)
Oct  4 11:56:07 villain-Lenovo-G580 kernel: [    0.000000] virtual kernel memory layout:
Oct  4 11:56:07 villain-Lenovo-G580 kernel: [    0.000000]     fixmap  : 0xfff15000 - 0xfffff000   ( 936 kB)
Oct  4 11:56:07 villain-Lenovo-G580 kernel: [    0.000000]     pkmap   : 0xff800000 - 0xffa00000   (2048 kB)
Oct  4 11:56:07 villain-Lenovo-G580 kernel: [    0.000000]     vmalloc : 0xf7ffe000 - 0xff7fe000   ( 120 MB)
Oct  4 11:56:07 villain-Lenovo-G580 kernel: [    0.000000]     lowmem  : 0xc0000000 - 0xf77fe000   ( 887 MB)
Oct  4 11:56:07 villain-Lenovo-G580 kernel: [    0.000000]       .init : 0xc1a14000 - 0xc1af4000   ( 896 kB)
Oct  4 11:56:07 villain-Lenovo-G580 kernel: [    0.000000]       .data : 0xc1698788 - 0xc1a12780   (3559 kB)
Oct  4 11:56:07 villain-Lenovo-G580 kernel: [    0.000000]       .text : 0xc1000000 - 0xc1698788   (6753 kB)
Oct  4 11:56:07 villain-Lenovo-G580 kernel: [    0.000000] Checking if this processor honours the WP bit even in supervisor mode...Ok.
Oct  4 11:56:07 villain-Lenovo-G580 kernel: [    0.000000] SLUB: HWalign=64, Order=0-3, MinObjects=0, CPUs=8, Nodes=1
Oct  4 11:56:07 villain-Lenovo-G580 kernel: [    0.000000] Hierarchical RCU implementation.
Oct  4 11:56:07 villain-Lenovo-G580 kernel: [    0.000000] 	RCU dyntick-idle grace-period acceleration is enabled.
Oct  4 11:56:07 villain-Lenovo-G580 kernel: [    0.000000] NR_IRQS:2304 nr_irqs:744 16
Oct  4 11:56:07 villain-Lenovo-G580 kernel: [    0.000000] CPU 0 irqstacks, hard=f340c000 soft=f340e000
Oct  4 11:56:07 villain-Lenovo-G580 kernel: [    0.000000] vt handoff: transparent VT on vt#7
Oct  4 11:56:07 villain-Lenovo-G580 kernel: [    0.000000] Console: colour dummy device 80x25
Oct  4 11:56:07 villain-Lenovo-G580 kernel: [    0.000000] console [tty0] enabled
Oct  4 11:56:07 villain-Lenovo-G580 kernel: [    0.000000] allocated 8388608 bytes of page_cgroup
Oct  4 11:56:07 villain-Lenovo-G580 kernel: [    0.000000] please try 'cgroup_disable=memory' option if you don't want memory cgroups
Oct  4 11:56:07 villain-Lenovo-G580 kernel: [    0.000000] hpet clockevent registered
Oct  4 11:56:07 villain-Lenovo-G580 kernel: [    0.000000] tsc: Fast TSC calibration using PIT
Oct  4 11:56:07 villain-Lenovo-G580 kernel: [    0.000000] tsc: Detected 2394.666 MHz processor
Oct  4 11:56:07 villain-Lenovo-G580 kernel: [    0.000035] Calibrating delay loop (skipped), value calculated using timer frequency.. 4789.33 BogoMIPS (lpj=9578664)
Oct  4 11:56:07 villain-Lenovo-G580 kernel: [    0.000038] pid_max: default: 32768 minimum: 301
Oct  4 11:56:07 villain-Lenovo-G580 kernel: [    0.000045] ACPI: Core revision 20140424
Oct  4 11:56:07 villain-Lenovo-G580 kernel: [    0.007248] ACPI: All ACPI Tables successfully acquired
Oct  4 11:56:07 villain-Lenovo-G580 kernel: [    0.007265] Security Framework initialized
Oct  4 11:56:07 villain-Lenovo-G580 kernel: [    0.007279] AppArmor: AppArmor initialized
Oct  4 11:56:07 villain-Lenovo-G580 kernel: [    0.007280] Yama: becoming mindful.
Oct  4 11:56:07 villain-Lenovo-G580 kernel: [    0.007315] Mount-cache hash table entries: 2048 (order: 1, 8192 bytes)
Oct  4 11:56:07 villain-Lenovo-G580 kernel: [    0.007317] Mountpoint-cache hash table entries: 2048 (order: 1, 8192 bytes)
Oct  4 11:56:07 villain-Lenovo-G580 kernel: [    0.007494] Initializing cgroup subsys memory
Oct  4 11:56:07 villain-Lenovo-G580 kernel: [    0.007514] Initializing cgroup subsys devices
Oct  4 11:56:07 villain-Lenovo-G580 kernel: [    0.007519] Initializing cgroup subsys freezer
Oct  4 11:56:07 villain-Lenovo-G580 kernel: [    0.007522] Initializing cgroup subsys net_cls
Oct  4 11:56:07 villain-Lenovo-G580 kernel: [    0.007526] Initializing cgroup subsys blkio
Oct  4 11:56:07 villain-Lenovo-G580 kernel: [    0.007529] Initializing cgroup subsys perf_event
Oct  4 11:56:07 villain-Lenovo-G580 kernel: [    0.007531] Initializing cgroup subsys net_prio
Oct  4 11:56:07 villain-Lenovo-G580 kernel: [    0.007537] Initializing cgroup subsys hugetlb
Oct  4 11:56:07 villain-Lenovo-G580 kernel: [    0.007557] CPU: Physical Processor ID: 0
Oct  4 11:56:07 villain-Lenovo-G580 kernel: [    0.007558] CPU: Processor Core ID: 0
Oct  4 11:56:07 villain-Lenovo-G580 kernel: [    0.007562] ENERGY_PERF_BIAS: Set to 'normal', was 'performance'
Oct  4 11:56:07 villain-Lenovo-G580 kernel: [    0.007562] ENERGY_PERF_BIAS: View and update with x86_energy_perf_policy(8)
Oct  4 11:56:07 villain-Lenovo-G580 kernel: [    0.007566] mce: CPU supports 7 MCE banks
Oct  4 11:56:07 villain-Lenovo-G580 kernel: [    0.007576] CPU0: Thermal monitoring enabled (TM1)
Oct  4 11:56:07 villain-Lenovo-G580 kernel: [    0.007583] process: using mwait in idle threads
Oct  4 11:56:07 villain-Lenovo-G580 kernel: [    0.007587] Last level iTLB entries: 4KB 512, 2MB 8, 4MB 8
Oct  4 11:56:07 villain-Lenovo-G580 kernel: [    0.007587] Last level dTLB entries: 4KB 512, 2MB 32, 4MB 32, 1GB 0
Oct  4 11:56:07 villain-Lenovo-G580 kernel: [    0.007587] tlb_flushall_shift: 2
Oct  4 11:56:07 villain-Lenovo-G580 kernel: [    0.008102] Freeing SMP alternatives memory: 32K (c1af4000 - c1afc000)
Oct  4 11:56:07 villain-Lenovo-G580 kernel: [    0.009368] ftrace: allocating 28610 entries in 56 pages
Oct  4 11:56:07 villain-Lenovo-G580 kernel: [    0.021845] Enabling APIC mode:  Flat.  Using 1 I/O APICs
Oct  4 11:56:07 villain-Lenovo-G580 kernel: [    0.022248] ..TIMER: vector=0x30 apic1=0 pin1=2 apic2=-1 pin2=-1
Oct  4 11:56:07 villain-Lenovo-G580 kernel: [    0.061967] smpboot: CPU0: Intel(R) Core(TM) i3-3110M CPU @ 2.40GHz (fam: 06, model: 3a, stepping: 09)
Oct  4 11:56:07 villain-Lenovo-G580 kernel: [    0.061975] TSC deadline timer enabled
Oct  4 11:56:07 villain-Lenovo-G580 kernel: [    0.062003] Performance Events: PEBS fmt1+, 16-deep LBR, IvyBridge events, full-width counters, Intel PMU driver.
Oct  4 11:56:07 villain-Lenovo-G580 kernel: [    0.062023] ... version:                3
Oct  4 11:56:07 villain-Lenovo-G580 kernel: [    0.062024] ... bit width:              48
Oct  4 11:56:07 villain-Lenovo-G580 kernel: [    0.062025] ... generic registers:      4
Oct  4 11:56:07 villain-Lenovo-G580 kernel: [    0.062026] ... value mask:             0000ffffffffffff
Oct  4 11:56:07 villain-Lenovo-G580 kernel: [    0.062027] ... max period:             0000ffffffffffff
Oct  4 11:56:07 villain-Lenovo-G580 kernel: [    0.062028] ... fixed-purpose events:   3
Oct  4 11:56:07 villain-Lenovo-G580 kernel: [    0.062029] ... event mask:             000000070000000f
Oct  4 11:56:07 villain-Lenovo-G580 kernel: [    0.063605] CPU 1 irqstacks, hard=f299a000 soft=f299c000
Oct  4 11:56:07 villain-Lenovo-G580 kernel: [    0.063606] x86: Booting SMP configuration:
Oct  4 11:56:07 villain-Lenovo-G580 kernel: [    0.063608] .... node  #0, CPUs:      #1
Oct  4 11:56:07 villain-Lenovo-G580 kernel: [    0.073793] Initializing CPU#1
Oct  4 11:56:07 villain-Lenovo-G580 kernel: [    0.076737] NMI watchdog: enabled on all CPUs, permanently consumes one hw-PMU counter.
Oct  4 11:56:07 villain-Lenovo-G580 kernel: [    0.076821] CPU 2 irqstacks, hard=f2a74000 soft=f2a76000
Oct  4 11:56:07 villain-Lenovo-G580 kernel: [    0.076822]  #2
Oct  4 11:56:07 villain-Lenovo-G580 kernel: [    0.086983] Initializing CPU#2
Oct  4 11:56:07 villain-Lenovo-G580 kernel: [    0.089947] CPU 3 irqstacks, hard=f2ab8000 soft=f2aba000
Oct  4 11:56:07 villain-Lenovo-G580 kernel: [    0.089950]  #3
Oct  4 11:56:07 villain-Lenovo-G580 kernel: [    0.100110] Initializing CPU#3
Oct  4 11:56:07 villain-Lenovo-G580 kernel: [    0.103012] x86: Booted up 1 node, 4 CPUs
Oct  4 11:56:07 villain-Lenovo-G580 kernel: [    0.103015] smpboot: Total of 4 processors activated (19157.32 BogoMIPS)
Oct  4 11:56:07 villain-Lenovo-G580 kernel: [    0.106314] devtmpfs: initialized
Oct  4 11:56:07 villain-Lenovo-G580 kernel: [    0.106623] evm: security.selinux
Oct  4 11:56:07 villain-Lenovo-G580 kernel: [    0.106624] evm: security.SMACK64
Oct  4 11:56:07 villain-Lenovo-G580 kernel: [    0.106625] evm: security.SMACK64EXEC
Oct  4 11:56:07 villain-Lenovo-G580 kernel: [    0.106626] evm: security.SMACK64TRANSMUTE
Oct  4 11:56:07 villain-Lenovo-G580 kernel: [    0.106627] evm: security.SMACK64MMAP
Oct  4 11:56:07 villain-Lenovo-G580 kernel: [    0.106628] evm: security.ima
Oct  4 11:56:07 villain-Lenovo-G580 kernel: [    0.106629] evm: security.capability
Oct  4 11:56:07 villain-Lenovo-G580 kernel: [    0.106710] PM: Registering ACPI NVS region [mem 0xdaeef000-0xdaf9efff] (720896 bytes)
Oct  4 11:56:07 villain-Lenovo-G580 kernel: [    0.107594] pinctrl core: initialized pinctrl subsystem
Oct  4 11:56:07 villain-Lenovo-G580 kernel: [    0.107663] regulator-dummy: no parameters
Oct  4 11:56:07 villain-Lenovo-G580 kernel: [    0.107698] RTC time: 11:55:46, date: 10/04/15
Oct  4 11:56:07 villain-Lenovo-G580 kernel: [    0.107745] NET: Registered protocol family 16
Oct  4 11:56:07 villain-Lenovo-G580 kernel: [    0.107908] EISA bus registered
Oct  4 11:56:07 villain-Lenovo-G580 kernel: [    0.107911] cpuidle: using governor ladder
Oct  4 11:56:07 villain-Lenovo-G580 kernel: [    0.107913] cpuidle: using governor menu
Oct  4 11:56:07 villain-Lenovo-G580 kernel: [    0.107994] ACPI: bus type PCI registered
Oct  4 11:56:07 villain-Lenovo-G580 kernel: [    0.107996] acpiphp: ACPI Hot Plug PCI Controller Driver version: 0.5
Oct  4 11:56:07 villain-Lenovo-G580 kernel: [    0.108151] PCI: MMCONFIG for domain 0000 [bus 00-3f] at [mem 0xf8000000-0xfbffffff] (base 0xf8000000)
Oct  4 11:56:07 villain-Lenovo-G580 kernel: [    0.108154] PCI: MMCONFIG at [mem 0xf8000000-0xfbffffff] reserved in E820
Oct  4 11:56:07 villain-Lenovo-G580 kernel: [    0.108155] PCI: Using MMCONFIG for extended config space
Oct  4 11:56:07 villain-Lenovo-G580 kernel: [    0.108156] PCI: Using configuration type 1 for base access
Oct  4 11:56:07 villain-Lenovo-G580 kernel: [    0.108303] mtrr: your CPUs had inconsistent variable MTRR settings
Oct  4 11:56:07 villain-Lenovo-G580 kernel: [    0.108304] mtrr: probably your BIOS does not setup all CPUs.
Oct  4 11:56:07 villain-Lenovo-G580 kernel: [    0.108305] mtrr: corrected configuration.
Oct  4 11:56:07 villain-Lenovo-G580 kernel: [    0.119456] ACPI: Added _OSI(Module Device)
Oct  4 11:56:07 villain-Lenovo-G580 kernel: [    0.119458] ACPI: Added _OSI(Processor Device)
Oct  4 11:56:07 villain-Lenovo-G580 kernel: [    0.119460] ACPI: Added _OSI(3.0 _SCP Extensions)
Oct  4 11:56:07 villain-Lenovo-G580 kernel: [    0.119461] ACPI: Added _OSI(Processor Aggregator Device)
Oct  4 11:56:07 villain-Lenovo-G580 kernel: [    0.122647] ACPI: Executed 1 blocks of module-level executable AML code
Oct  4 11:56:07 villain-Lenovo-G580 kernel: [    0.134256] [Firmware Bug]: ACPI: BIOS _OSI(Linux) query ignored
Oct  4 11:56:07 villain-Lenovo-G580 kernel: [    0.134565] ACPI: Dynamic OEM Table Load:
Oct  4 11:56:07 villain-Lenovo-G580 kernel: [    0.134574] ACPI: SSDT 0x00000000F2AC8000 00083B (v01 PmRef  Cpu0Cst  00003001 INTL 20061109)
Oct  4 11:56:07 villain-Lenovo-G580 kernel: [    0.151277] ACPI: Dynamic OEM Table Load:
Oct  4 11:56:07 villain-Lenovo-G580 kernel: [    0.151284] ACPI: SSDT 0x00000000F2AC1400 000303 (v01 PmRef  ApIst    00003000 INTL 20061109)
Oct  4 11:56:07 villain-Lenovo-G580 kernel: [    0.175210] ACPI: Dynamic OEM Table Load:
Oct  4 11:56:07 villain-Lenovo-G580 kernel: [    0.175217] ACPI: SSDT 0x00000000F2B3DC00 000119 (v01 PmRef  ApCst    00003000 INTL 20061109)
Oct  4 11:56:07 villain-Lenovo-G580 kernel: [    0.189428] ACPI: Interpreter enabled
Oct  4 11:56:07 villain-Lenovo-G580 kernel: [    0.189441] ACPI Exception: AE_NOT_FOUND, While evaluating Sleep State [\_S2_] (20140424/hwxface-580)
Oct  4 11:56:07 villain-Lenovo-G580 kernel: [    0.189455] ACPI: (supports S0 S1 S3 S4 S5)
Oct  4 11:56:07 villain-Lenovo-G580 kernel: [    0.189456] ACPI: Using IOAPIC for interrupt routing
Oct  4 11:56:07 villain-Lenovo-G580 kernel: [    0.189485] PCI: Using host bridge windows from ACPI; if necessary, use "pci=nocrs" and report a bug
Oct  4 11:56:07 villain-Lenovo-G580 kernel: [    0.195558] ACPI: PCI Root Bridge [PCI0] (domain 0000 [bus 00-3e])
Oct  4 11:56:07 villain-Lenovo-G580 kernel: [    0.195563] acpi PNP0A08:00: _OSC: OS supports [ExtendedConfig ASPM ClockPM Segments MSI]
Oct  4 11:56:07 villain-Lenovo-G580 kernel: [    0.195670] \_SB_.PCI0:_OSC invalid UUID
Oct  4 11:56:07 villain-Lenovo-G580 kernel: [    0.195671] _OSC request data:1 1f 0 
Oct  4 11:56:07 villain-Lenovo-G580 kernel: [    0.195675] acpi PNP0A08:00: _OSC failed (AE_ERROR); disabling ASPM
Oct  4 11:56:07 villain-Lenovo-G580 kernel: [    0.196282] PCI host bridge to bus 0000:00
Oct  4 11:56:07 villain-Lenovo-G580 kernel: [    0.196284] pci_bus 0000:00: root bus resource [bus 00-3e]
Oct  4 11:56:07 villain-Lenovo-G580 kernel: [    0.196286] pci_bus 0000:00: root bus resource [io  0x0000-0x0cf7]
Oct  4 11:56:07 villain-Lenovo-G580 kernel: [    0.196288] pci_bus 0000:00: root bus resource [io  0x0d00-0xffff]
Oct  4 11:56:07 villain-Lenovo-G580 kernel: [    0.196290] pci_bus 0000:00: root bus resource [mem 0x000a0000-0x000bffff]
Oct  4 11:56:07 villain-Lenovo-G580 kernel: [    0.196292] pci_bus 0000:00: root bus resource [mem 0xdfa00000-0xfeafffff]
Oct  4 11:56:07 villain-Lenovo-G580 kernel: [    0.196300] pci 0000:00:00.0: [8086:0154] type 00 class 0x060000
Oct  4 11:56:07 villain-Lenovo-G580 kernel: [    0.196387] pci 0000:00:01.0: [8086:0151] type 01 class 0x060400
Oct  4 11:56:07 villain-Lenovo-G580 kernel: [    0.196422] pci 0000:00:01.0: PME# supported from D0 D3hot D3cold
Oct  4 11:56:07 villain-Lenovo-G580 kernel: [    0.196457] pci 0000:00:01.0: System wakeup disabled by ACPI
Oct  4 11:56:07 villain-Lenovo-G580 kernel: [    0.196501] pci 0000:00:02.0: [8086:0166] type 00 class 0x030000
Oct  4 11:56:07 villain-Lenovo-G580 kernel: [    0.196513] pci 0000:00:02.0: reg 0x10: [mem 0xf0000000-0xf03fffff 64bit]
Oct  4 11:56:07 villain-Lenovo-G580 kernel: [    0.196520] pci 0000:00:02.0: reg 0x18: [mem 0xe0000000-0xefffffff 64bit pref]
Oct  4 11:56:07 villain-Lenovo-G580 kernel: [    0.196525] pci 0000:00:02.0: reg 0x20: [io  0x3000-0x303f]
Oct  4 11:56:07 villain-Lenovo-G580 kernel: [    0.196628] pci 0000:00:14.0: [8086:1e31] type 00 class 0x0c0330
Oct  4 11:56:07 villain-Lenovo-G580 kernel: [    0.196653] pci 0000:00:14.0: reg 0x10: [mem 0xf0600000-0xf060ffff 64bit]
Oct  4 11:56:07 villain-Lenovo-G580 kernel: [    0.196728] pci 0000:00:14.0: PME# supported from D3hot D3cold
Oct  4 11:56:07 villain-Lenovo-G580 kernel: [    0.196767] pci 0000:00:14.0: System wakeup disabled by ACPI
Oct  4 11:56:07 villain-Lenovo-G580 kernel: [    0.196812] pci 0000:00:16.0: [8086:1e3a] type 00 class 0x078000
Oct  4 11:56:07 villain-Lenovo-G580 kernel: [    0.196837] pci 0000:00:16.0: reg 0x10: [mem 0xf0615000-0xf061500f 64bit]
Oct  4 11:56:07 villain-Lenovo-G580 kernel: [    0.196917] pci 0000:00:16.0: PME# supported from D0 D3hot D3cold
Oct  4 11:56:07 villain-Lenovo-G580 kernel: [    0.197004] pci 0000:00:1a.0: [8086:1e2d] type 00 class 0x0c0320
Oct  4 11:56:07 villain-Lenovo-G580 kernel: [    0.197027] pci 0000:00:1a.0: reg 0x10: [mem 0xf0619000-0xf06193ff]
Oct  4 11:56:07 villain-Lenovo-G580 kernel: [    0.197123] pci 0000:00:1a.0: PME# supported from D0 D3hot D3cold
Oct  4 11:56:07 villain-Lenovo-G580 kernel: [    0.197174] pci 0000:00:1a.0: System wakeup disabled by ACPI
Oct  4 11:56:07 villain-Lenovo-G580 kernel: [    0.197219] pci 0000:00:1b.0: [8086:1e20] type 00 class 0x040300
Oct  4 11:56:07 villain-Lenovo-G580 kernel: [    0.197238] pci 0000:00:1b.0: reg 0x10: [mem 0xf0610000-0xf0613fff 64bit]
Oct  4 11:56:07 villain-Lenovo-G580 kernel: [    0.197319] pci 0000:00:1b.0: PME# supported from D0 D3hot D3cold
Oct  4 11:56:07 villain-Lenovo-G580 kernel: [    0.197359] pci 0000:00:1b.0: System wakeup disabled by ACPI
Oct  4 11:56:07 villain-Lenovo-G580 kernel: [    0.197399] pci 0000:00:1c.0: [8086:1e10] type 01 class 0x060400
Oct  4 11:56:07 villain-Lenovo-G580 kernel: [    0.197488] pci 0000:00:1c.0: PME# supported from D0 D3hot D3cold
Oct  4 11:56:07 villain-Lenovo-G580 kernel: [    0.197530] pci 0000:00:1c.0: System wakeup disabled by ACPI
Oct  4 11:56:07 villain-Lenovo-G580 kernel: [    0.197572] pci 0000:00:1c.1: [8086:1e12] type 01 class 0x060400
Oct  4 11:56:07 villain-Lenovo-G580 kernel: [    0.197659] pci 0000:00:1c.1: PME# supported from D0 D3hot D3cold
Oct  4 11:56:07 villain-Lenovo-G580 kernel: [    0.197701] pci 0000:00:1c.1: System wakeup disabled by ACPI
Oct  4 11:56:07 villain-Lenovo-G580 kernel: [    0.197744] pci 0000:00:1c.3: [8086:1e16] type 01 class 0x060400
Oct  4 11:56:07 villain-Lenovo-G580 kernel: [    0.197832] pci 0000:00:1c.3: PME# supported from D0 D3hot D3cold
Oct  4 11:56:07 villain-Lenovo-G580 kernel: [    0.197874] pci 0000:00:1c.3: System wakeup disabled by ACPI
Oct  4 11:56:07 villain-Lenovo-G580 kernel: [    0.197923] pci 0000:00:1d.0: [8086:1e26] type 00 class 0x0c0320
Oct  4 11:56:07 villain-Lenovo-G580 kernel: [    0.197946] pci 0000:00:1d.0: reg 0x10: [mem 0xf0618000-0xf06183ff]
Oct  4 11:56:07 villain-Lenovo-G580 kernel: [    0.198042] pci 0000:00:1d.0: PME# supported from D0 D3hot D3cold
Oct  4 11:56:07 villain-Lenovo-G580 kernel: [    0.198092] pci 0000:00:1d.0: System wakeup disabled by ACPI
Oct  4 11:56:07 villain-Lenovo-G580 kernel: [    0.198137] pci 0000:00:1f.0: [8086:1e59] type 00 class 0x060100
Oct  4 11:56:07 villain-Lenovo-G580 kernel: [    0.198320] pci 0000:00:1f.2: [8086:1e03] type 00 class 0x010601
Oct  4 11:56:07 villain-Lenovo-G580 kernel: [    0.198342] pci 0000:00:1f.2: reg 0x10: [io  0x3088-0x308f]
Oct  4 11:56:07 villain-Lenovo-G580 kernel: [    0.198350] pci 0000:00:1f.2: reg 0x14: [io  0x3094-0x3097]
Oct  4 11:56:07 villain-Lenovo-G580 kernel: [    0.198359] pci 0000:00:1f.2: reg 0x18: [io  0x3080-0x3087]
Oct  4 11:56:07 villain-Lenovo-G580 kernel: [    0.198368] pci 0000:00:1f.2: reg 0x1c: [io  0x3090-0x3093]
Oct  4 11:56:07 villain-Lenovo-G580 kernel: [    0.198377] pci 0000:00:1f.2: reg 0x20: [io  0x3060-0x307f]
Oct  4 11:56:07 villain-Lenovo-G580 kernel: [    0.198386] pci 0000:00:1f.2: reg 0x24: [mem 0xf0617000-0xf06177ff]
Oct  4 11:56:07 villain-Lenovo-G580 kernel: [    0.198436] pci 0000:00:1f.2: PME# supported from D3hot
Oct  4 11:56:07 villain-Lenovo-G580 kernel: [    0.198508] pci 0000:00:1f.3: [8086:1e22] type 00 class 0x0c0500
Oct  4 11:56:07 villain-Lenovo-G580 kernel: [    0.198525] pci 0000:00:1f.3: reg 0x10: [mem 0xf0614000-0xf06140ff 64bit]
Oct  4 11:56:07 villain-Lenovo-G580 kernel: [    0.198548] pci 0000:00:1f.3: reg 0x20: [io  0xefa0-0xefbf]
Oct  4 11:56:07 villain-Lenovo-G580 kernel: [    0.198664] pci 0000:00:01.0: PCI bridge to [bus 01]
Oct  4 11:56:07 villain-Lenovo-G580 kernel: [    0.198733] pci 0000:00:1c.0: PCI bridge to [bus 02]
Oct  4 11:56:07 villain-Lenovo-G580 kernel: [    0.198871] pci 0000:03:00.0: [14e4:4727] type 00 class 0x028000
Oct  4 11:56:07 villain-Lenovo-G580 kernel: [    0.198911] pci 0000:03:00.0: reg 0x10: [mem 0xf0500000-0xf0503fff 64bit]
Oct  4 11:56:07 villain-Lenovo-G580 kernel: [    0.199108] pci 0000:03:00.0: supports D1 D2
Oct  4 11:56:07 villain-Lenovo-G580 kernel: [    0.199109] pci 0000:03:00.0: PME# supported from D0 D3hot D3cold
Oct  4 11:56:07 villain-Lenovo-G580 kernel: [    0.199153] pci 0000:03:00.0: System wakeup disabled by ACPI
Oct  4 11:56:07 villain-Lenovo-G580 kernel: [    0.210338] pci 0000:00:1c.1: PCI bridge to [bus 03]
Oct  4 11:56:07 villain-Lenovo-G580 kernel: [    0.210345] pci 0000:00:1c.1:   bridge window [mem 0xf0500000-0xf05fffff]
Oct  4 11:56:07 villain-Lenovo-G580 kernel: [    0.210494] pci 0000:04:00.0: [1969:1090] type 00 class 0x020000
Oct  4 11:56:07 villain-Lenovo-G580 kernel: [    0.210631] pci 0000:04:00.0: reg 0x10: [mem 0xf0400000-0xf043ffff 64bit]
Oct  4 11:56:07 villain-Lenovo-G580 kernel: [    0.210684] pci 0000:04:00.0: reg 0x18: [io  0x2000-0x207f]
Oct  4 11:56:07 villain-Lenovo-G580 kernel: [    0.211202] pci 0000:04:00.0: PME# supported from D0 D1 D2 D3hot D3cold
Oct  4 11:56:07 villain-Lenovo-G580 kernel: [    0.211307] pci 0000:04:00.0: System wakeup disabled by ACPI
Oct  4 11:56:07 villain-Lenovo-G580 kernel: [    0.222340] pci 0000:00:1c.3: PCI bridge to [bus 04]
Oct  4 11:56:07 villain-Lenovo-G580 kernel: [    0.222345] pci 0000:00:1c.3:   bridge window [io  0x2000-0x2fff]
Oct  4 11:56:07 villain-Lenovo-G580 kernel: [    0.222350] pci 0000:00:1c.3:   bridge window [mem 0xf0400000-0xf04fffff]
Oct  4 11:56:07 villain-Lenovo-G580 kernel: [    0.222417] pci_bus 0000:00: on NUMA node 0
Oct  4 11:56:07 villain-Lenovo-G580 kernel: [    0.222844] ACPI: PCI Interrupt Link [LNKA] (IRQs 1 3 4 5 6 10 *11 12 14 15)
Oct  4 11:56:07 villain-Lenovo-G580 kernel: [    0.222892] ACPI: PCI Interrupt Link [LNKB] (IRQs 1 3 4 5 6 *10 11 12 14 15)
Oct  4 11:56:07 villain-Lenovo-G580 kernel: [    0.222938] ACPI: PCI Interrupt Link [LNKC] (IRQs 1 3 4 5 6 10 11 12 14 15) *7
Oct  4 11:56:07 villain-Lenovo-G580 kernel: [    0.222983] ACPI: PCI Interrupt Link [LNKD] (IRQs 1 3 4 5 6 10 11 12 14 15) *7
Oct  4 11:56:07 villain-Lenovo-G580 kernel: [    0.223029] ACPI: PCI Interrupt Link [LNKE] (IRQs 1 3 4 5 6 10 11 12 14 15) *0, disabled.
Oct  4 11:56:07 villain-Lenovo-G580 kernel: [    0.223073] ACPI: PCI Interrupt Link [LNKF] (IRQs 1 3 4 5 6 10 11 12 14 15) *0, disabled.
Oct  4 11:56:07 villain-Lenovo-G580 kernel: [    0.223119] ACPI: PCI Interrupt Link [LNKG] (IRQs 1 3 4 5 6 *10 11 12 14 15)
Oct  4 11:56:07 villain-Lenovo-G580 kernel: [    0.223163] ACPI: PCI Interrupt Link [LNKH] (IRQs 1 3 4 5 6 10 *11 12 14 15)
Oct  4 11:56:07 villain-Lenovo-G580 kernel: [    0.223313] ACPI: Enabled 2 GPEs in block 00 to 3F
Oct  4 11:56:07 villain-Lenovo-G580 kernel: [    0.223360] ACPI : EC: GPE = 0x17, I/O: command/status = 0x66, data = 0x62
Oct  4 11:56:07 villain-Lenovo-G580 kernel: [    0.223466] vgaarb: setting as boot device: PCI:0000:00:02.0
Oct  4 11:56:07 villain-Lenovo-G580 kernel: [    0.223468] vgaarb: device added: PCI:0000:00:02.0,decodes=io+mem,owns=io+mem,locks=none
Oct  4 11:56:07 villain-Lenovo-G580 kernel: [    0.223471] vgaarb: loaded
Oct  4 11:56:07 villain-Lenovo-G580 kernel: [    0.223472] vgaarb: bridge control possible 0000:00:02.0
Oct  4 11:56:07 villain-Lenovo-G580 kernel: [    0.223708] SCSI subsystem initialized
Oct  4 11:56:07 villain-Lenovo-G580 kernel: [    0.223749] libata version 3.00 loaded.
Oct  4 11:56:07 villain-Lenovo-G580 kernel: [    0.223774] ACPI: bus type USB registered
Oct  4 11:56:07 villain-Lenovo-G580 kernel: [    0.223792] usbcore: registered new interface driver usbfs
Oct  4 11:56:07 villain-Lenovo-G580 kernel: [    0.223800] usbcore: registered new interface driver hub
Oct  4 11:56:07 villain-Lenovo-G580 kernel: [    0.223819] usbcore: registered new device driver usb
Oct  4 11:56:07 villain-Lenovo-G580 kernel: [    0.223965] PCI: Using ACPI for IRQ routing
Oct  4 11:56:07 villain-Lenovo-G580 kernel: [    0.225536] PCI: pci_cache_line_size set to 64 bytes
Oct  4 11:56:07 villain-Lenovo-G580 kernel: [    0.225625] e820: reserve RAM buffer [mem 0x0009d800-0x0009ffff]
Oct  4 11:56:07 villain-Lenovo-G580 kernel: [    0.225627] e820: reserve RAM buffer [mem 0x40004000-0x43ffffff]
Oct  4 11:56:07 villain-Lenovo-G580 kernel: [    0.225629] e820: reserve RAM buffer [mem 0xa5994000-0xa7ffffff]
Oct  4 11:56:07 villain-Lenovo-G580 kernel: [    0.225630] e820: reserve RAM buffer [mem 0xd75cf000-0xd7ffffff]
Oct  4 11:56:07 villain-Lenovo-G580 kernel: [    0.225631] e820: reserve RAM buffer [mem 0xdb000000-0xdbffffff]
Oct  4 11:56:07 villain-Lenovo-G580 kernel: [    0.225633] e820: reserve RAM buffer [mem 0x11f600000-0x11fffffff]
Oct  4 11:56:07 villain-Lenovo-G580 kernel: [    0.225749] NetLabel: Initializing
Oct  4 11:56:07 villain-Lenovo-G580 kernel: [    0.225750] NetLabel:  domain hash size = 128
Oct  4 11:56:07 villain-Lenovo-G580 kernel: [    0.225751] NetLabel:  protocols = UNLABELED CIPSOv4
Oct  4 11:56:07 villain-Lenovo-G580 kernel: [    0.225763] NetLabel:  unlabeled traffic allowed by default
Oct  4 11:56:07 villain-Lenovo-G580 kernel: [    0.225870] hpet0: at MMIO 0xfed00000, IRQs 2, 8, 0, 0, 0, 0, 0, 0
Oct  4 11:56:07 villain-Lenovo-G580 kernel: [    0.225875] hpet0: 8 comparators, 64-bit 14.318180 MHz counter
Oct  4 11:56:07 villain-Lenovo-G580 kernel: [    0.227918] Switched to clocksource hpet
Oct  4 11:56:07 villain-Lenovo-G580 kernel: [    0.235251] AppArmor: AppArmor Filesystem Enabled
Oct  4 11:56:07 villain-Lenovo-G580 kernel: [    0.235286] pnp: PnP ACPI init
Oct  4 11:56:07 villain-Lenovo-G580 kernel: [    0.235300] ACPI: bus type PNP registered
Oct  4 11:56:07 villain-Lenovo-G580 kernel: [    0.235409] system 00:00: [io  0x1000-0x100f] has been reserved
Oct  4 11:56:07 villain-Lenovo-G580 kernel: [    0.235411] system 00:00: [io  0xffff] has been reserved
Oct  4 11:56:07 villain-Lenovo-G580 kernel: [    0.235413] system 00:00: [io  0xffff] has been reserved
Oct  4 11:56:07 villain-Lenovo-G580 kernel: [    0.235415] system 00:00: [io  0x0400-0x0453] could not be reserved
Oct  4 11:56:07 villain-Lenovo-G580 kernel: [    0.235417] system 00:00: [io  0x0458-0x047f] has been reserved
Oct  4 11:56:07 villain-Lenovo-G580 kernel: [    0.235419] system 00:00: [io  0x0500-0x057f] has been reserved
Oct  4 11:56:07 villain-Lenovo-G580 kernel: [    0.235422] system 00:00: [mem 0xfe800000-0xfe80ffff] has been reserved
Oct  4 11:56:07 villain-Lenovo-G580 kernel: [    0.235425] system 00:00: Plug and Play ACPI device, IDs PNP0c02 (active)
Oct  4 11:56:07 villain-Lenovo-G580 kernel: [    0.235457] pnp 00:01: Plug and Play ACPI device, IDs PNP0b00 (active)
Oct  4 11:56:07 villain-Lenovo-G580 kernel: [    0.235504] system 00:02: [io  0x0454-0x0457] has been reserved
Oct  4 11:56:07 villain-Lenovo-G580 kernel: [    0.235507] system 00:02: Plug and Play ACPI device, IDs INT3f0d PNP0c02 (active)
Oct  4 11:56:07 villain-Lenovo-G580 kernel: [    0.235572] pnp 00:03: Plug and Play ACPI device, IDs PNP0303 (active)
Oct  4 11:56:07 villain-Lenovo-G580 kernel: [    0.235599] pnp 00:04: Plug and Play ACPI device, IDs SYN0330 SYN0300 SYN0002 PNP0f13 (active)
Oct  4 11:56:07 villain-Lenovo-G580 kernel: [    0.235712] system 00:05: [mem 0xfed1c000-0xfed1ffff] has been reserved
Oct  4 11:56:07 villain-Lenovo-G580 kernel: [    0.235714] system 00:05: [mem 0xfed10000-0xfed17fff] has been reserved
Oct  4 11:56:07 villain-Lenovo-G580 kernel: [    0.235716] system 00:05: [mem 0xfed18000-0xfed18fff] has been reserved
Oct  4 11:56:07 villain-Lenovo-G580 kernel: [    0.235718] system 00:05: [mem 0xfed19000-0xfed19fff] has been reserved
Oct  4 11:56:07 villain-Lenovo-G580 kernel: [    0.235720] system 00:05: [mem 0xf8000000-0xfbffffff] has been reserved
Oct  4 11:56:07 villain-Lenovo-G580 kernel: [    0.235722] system 00:05: [mem 0xfed20000-0xfed3ffff] has been reserved
Oct  4 11:56:07 villain-Lenovo-G580 kernel: [    0.235724] system 00:05: [mem 0xfed90000-0xfed93fff] has been reserved
Oct  4 11:56:07 villain-Lenovo-G580 kernel: [    0.235726] system 00:05: [mem 0xfed45000-0xfed8ffff] has been reserved
Oct  4 11:56:07 villain-Lenovo-G580 kernel: [    0.235728] system 00:05: [mem 0xff000000-0xffffffff] could not be reserved
Oct  4 11:56:07 villain-Lenovo-G580 kernel: [    0.235730] system 00:05: [mem 0xfee00000-0xfeefffff] could not be reserved
Oct  4 11:56:07 villain-Lenovo-G580 kernel: [    0.235732] system 00:05: [mem 0xfffff000-0xffffffff] has been reserved
Oct  4 11:56:07 villain-Lenovo-G580 kernel: [    0.235734] system 00:05: Plug and Play ACPI device, IDs PNP0c02 (active)
Oct  4 11:56:07 villain-Lenovo-G580 kernel: [    0.235919] pnp: PnP ACPI: found 6 devices
Oct  4 11:56:07 villain-Lenovo-G580 kernel: [    0.235921] ACPI: bus type PNP unregistered
Oct  4 11:56:07 villain-Lenovo-G580 kernel: [    0.235935] PnPBIOS: Disabled by ACPI PNP
Oct  4 11:56:07 villain-Lenovo-G580 kernel: [    0.272646] pci 0000:00:01.0: PCI bridge to [bus 01]
Oct  4 11:56:07 villain-Lenovo-G580 kernel: [    0.272652] pci 0000:00:1c.0: PCI bridge to [bus 02]
Oct  4 11:56:07 villain-Lenovo-G580 kernel: [    0.272664] pci 0000:00:1c.1: PCI bridge to [bus 03]
Oct  4 11:56:07 villain-Lenovo-G580 kernel: [    0.272670] pci 0000:00:1c.1:   bridge window [mem 0xf0500000-0xf05fffff]
Oct  4 11:56:07 villain-Lenovo-G580 kernel: [    0.272679] pci 0000:00:1c.3: PCI bridge to [bus 04]
Oct  4 11:56:07 villain-Lenovo-G580 kernel: [    0.272682] pci 0000:00:1c.3:   bridge window [io  0x2000-0x2fff]
Oct  4 11:56:07 villain-Lenovo-G580 kernel: [    0.272688] pci 0000:00:1c.3:   bridge window [mem 0xf0400000-0xf04fffff]
Oct  4 11:56:07 villain-Lenovo-G580 kernel: [    0.272697] pci_bus 0000:00: resource 4 [io  0x0000-0x0cf7]
Oct  4 11:56:07 villain-Lenovo-G580 kernel: [    0.272699] pci_bus 0000:00: resource 5 [io  0x0d00-0xffff]
Oct  4 11:56:07 villain-Lenovo-G580 kernel: [    0.272701] pci_bus 0000:00: resource 6 [mem 0x000a0000-0x000bffff]
Oct  4 11:56:07 villain-Lenovo-G580 kernel: [    0.272703] pci_bus 0000:00: resource 7 [mem 0xdfa00000-0xfeafffff]
Oct  4 11:56:07 villain-Lenovo-G580 kernel: [    0.272705] pci_bus 0000:03: resource 1 [mem 0xf0500000-0xf05fffff]
Oct  4 11:56:07 villain-Lenovo-G580 kernel: [    0.272707] pci_bus 0000:04: resource 0 [io  0x2000-0x2fff]
Oct  4 11:56:07 villain-Lenovo-G580 kernel: [    0.272708] pci_bus 0000:04: resource 1 [mem 0xf0400000-0xf04fffff]
Oct  4 11:56:07 villain-Lenovo-G580 kernel: [    0.272734] NET: Registered protocol family 2
Oct  4 11:56:07 villain-Lenovo-G580 kernel: [    0.272889] TCP established hash table entries: 8192 (order: 3, 32768 bytes)
Oct  4 11:56:07 villain-Lenovo-G580 kernel: [    0.272899] TCP bind hash table entries: 8192 (order: 4, 65536 bytes)
Oct  4 11:56:07 villain-Lenovo-G580 kernel: [    0.272911] TCP: Hash tables configured (established 8192 bind 8192)
Oct  4 11:56:07 villain-Lenovo-G580 kernel: [    0.272922] TCP: reno registered
Oct  4 11:56:07 villain-Lenovo-G580 kernel: [    0.272924] UDP hash table entries: 512 (order: 2, 16384 bytes)
Oct  4 11:56:07 villain-Lenovo-G580 kernel: [    0.272928] UDP-Lite hash table entries: 512 (order: 2, 16384 bytes)
Oct  4 11:56:07 villain-Lenovo-G580 kernel: [    0.272965] NET: Registered protocol family 1
Oct  4 11:56:07 villain-Lenovo-G580 kernel: [    0.272978] pci 0000:00:02.0: Video device with shadowed ROM
Oct  4 11:56:07 villain-Lenovo-G580 kernel: [    0.273453] pci 0000:04:00.0: set MSI_INTX_DISABLE_BUG flag
Oct  4 11:56:07 villain-Lenovo-G580 kernel: [    0.273463] PCI: CLS 64 bytes, default 64
Oct  4 11:56:07 villain-Lenovo-G580 kernel: [    0.273508] Trying to unpack rootfs image as initramfs...
Oct  4 11:56:07 villain-Lenovo-G580 kernel: [    0.728838] Freeing initrd memory: 26656K (f4be0000 - f65e8000)
Oct  4 11:56:07 villain-Lenovo-G580 kernel: [    0.729147] RAPL PMU detected, hw unit 2^-16 Joules, API unit is 2^-32 Joules, 3 fixed counters 163840 ms ovfl timer
Oct  4 11:56:07 villain-Lenovo-G580 kernel: [    0.729193] microcode: CPU0 sig=0x306a9, pf=0x10, revision=0x12
Oct  4 11:56:07 villain-Lenovo-G580 kernel: [    0.729201] microcode: CPU1 sig=0x306a9, pf=0x10, revision=0x12
Oct  4 11:56:07 villain-Lenovo-G580 kernel: [    0.729205] microcode: CPU2 sig=0x306a9, pf=0x10, revision=0x12
Oct  4 11:56:07 villain-Lenovo-G580 kernel: [    0.729212] microcode: CPU3 sig=0x306a9, pf=0x10, revision=0x12
Oct  4 11:56:07 villain-Lenovo-G580 kernel: [    0.729275] microcode: Microcode Update Driver: v2.00 <tigran@aivazian.fsnet.co.uk>, Peter Oruba
Oct  4 11:56:07 villain-Lenovo-G580 kernel: [    0.729301] Scanning for low memory corruption every 60 seconds
Oct  4 11:56:07 villain-Lenovo-G580 kernel: [    0.729662] futex hash table entries: 2048 (order: 5, 131072 bytes)
Oct  4 11:56:07 villain-Lenovo-G580 kernel: [    0.729687] Initialise system trusted keyring
Oct  4 11:56:07 villain-Lenovo-G580 kernel: [    0.729707] audit: initializing netlink subsys (disabled)
Oct  4 11:56:07 villain-Lenovo-G580 kernel: [    0.729718] audit: type=2000 audit(1443959746.728:1): initialized
Oct  4 11:56:07 villain-Lenovo-G580 kernel: [    0.730051] HugeTLB registered 2 MB page size, pre-allocated 0 pages
Oct  4 11:56:07 villain-Lenovo-G580 kernel: [    0.731615] zpool: loaded
Oct  4 11:56:07 villain-Lenovo-G580 kernel: [    0.731618] zbud: loaded
Oct  4 11:56:07 villain-Lenovo-G580 kernel: [    0.731706] VFS: Disk quotas dquot_6.5.2
Oct  4 11:56:07 villain-Lenovo-G580 kernel: [    0.731739] Dquot-cache hash table entries: 1024 (order 0, 4096 bytes)
Oct  4 11:56:07 villain-Lenovo-G580 kernel: [    0.732171] fuse init (API version 7.23)
Oct  4 11:56:07 villain-Lenovo-G580 kernel: [    0.732265] msgmni has been set to 1680
Oct  4 11:56:07 villain-Lenovo-G580 kernel: [    0.732324] Key type big_key registered
Oct  4 11:56:07 villain-Lenovo-G580 kernel: [    0.732777] Key type asymmetric registered
Oct  4 11:56:07 villain-Lenovo-G580 kernel: [    0.732781] Asymmetric key parser 'x509' registered
Oct  4 11:56:07 villain-Lenovo-G580 kernel: [    0.732800] bounce: pool size: 64 pages
Oct  4 11:56:07 villain-Lenovo-G580 kernel: [    0.732809] Block layer SCSI generic (bsg) driver version 0.4 loaded (major 252)
Oct  4 11:56:07 villain-Lenovo-G580 kernel: [    0.732862] io scheduler noop registered
Oct  4 11:56:07 villain-Lenovo-G580 kernel: [    0.732866] io scheduler deadline registered (default)
Oct  4 11:56:07 villain-Lenovo-G580 kernel: [    0.732916] io scheduler cfq registered
Oct  4 11:56:07 villain-Lenovo-G580 kernel: [    0.733087] pcieport 0000:00:01.0: irq 40 for MSI/MSI-X
Oct  4 11:56:07 villain-Lenovo-G580 kernel: [    0.733463] pci_hotplug: PCI Hot Plug PCI Core version: 0.5
Oct  4 11:56:07 villain-Lenovo-G580 kernel: [    0.733478] pciehp: PCI Express Hot Plug Controller Driver version: 0.4
Oct  4 11:56:07 villain-Lenovo-G580 kernel: [    0.733524] vesafb: mode is 1366x768x32, linelength=5504, pages=0
Oct  4 11:56:07 villain-Lenovo-G580 kernel: [    0.733525] vesafb: scrolling: redraw
Oct  4 11:56:07 villain-Lenovo-G580 kernel: [    0.733527] vesafb: Truecolor: size=8:8:8:8, shift=24:16:8:0
Oct  4 11:56:07 villain-Lenovo-G580 kernel: [    0.735692] vesafb: framebuffer at 0xe0000000, mapped to 0xf8080000, using 4160k, total 4160k
Oct  4 11:56:07 villain-Lenovo-G580 kernel: [    0.735804] Console: switching to colour frame buffer device 170x48
Oct  4 11:56:07 villain-Lenovo-G580 kernel: [    0.735830] fb0: VESA VGA frame buffer device
Oct  4 11:56:07 villain-Lenovo-G580 kernel: [    0.735859] intel_idle: MWAIT substates: 0x21120
Oct  4 11:56:07 villain-Lenovo-G580 kernel: [    0.735860] intel_idle: v0.4 model 0x3A
Oct  4 11:56:07 villain-Lenovo-G580 kernel: [    0.735862] intel_idle: lapic_timer_reliable_states 0xffffffff
Oct  4 11:56:07 villain-Lenovo-G580 kernel: [    0.764483] ACPI: AC Adapter [ADP1] (off-line)
Oct  4 11:56:07 villain-Lenovo-G580 kernel: [    0.764609] input: Lid Switch as /devices/LNXSYSTM:00/LNXSYBUS:00/PNP0C0D:00/input/input0
Oct  4 11:56:07 villain-Lenovo-G580 kernel: [    0.764630] ACPI: Lid Switch [LID0]
Oct  4 11:56:07 villain-Lenovo-G580 kernel: [    0.764666] input: Sleep Button as /devices/LNXSYSTM:00/LNXSYBUS:00/PNP0C0E:00/input/input1
Oct  4 11:56:07 villain-Lenovo-G580 kernel: [    0.764670] ACPI: Sleep Button [SLPB]
Oct  4 11:56:07 villain-Lenovo-G580 kernel: [    0.764708] input: Power Button as /devices/LNXSYSTM:00/LNXPWRBN:00/input/input2
Oct  4 11:56:07 villain-Lenovo-G580 kernel: [    0.764710] ACPI: Power Button [PWRF]
Oct  4 11:56:07 villain-Lenovo-G580 kernel: [    0.766420] thermal LNXTHERM:00: registered as thermal_zone0
Oct  4 11:56:07 villain-Lenovo-G580 kernel: [    0.766422] ACPI: Thermal Zone [TZS0] (48 C)
Oct  4 11:56:07 villain-Lenovo-G580 kernel: [    0.766585] thermal LNXTHERM:01: registered as thermal_zone1
Oct  4 11:56:07 villain-Lenovo-G580 kernel: [    0.766586] ACPI: Thermal Zone [TZS1] (30 C)
Oct  4 11:56:07 villain-Lenovo-G580 kernel: [    0.766630] GHES: HEST is not enabled!
Oct  4 11:56:07 villain-Lenovo-G580 kernel: [    0.766751] isapnp: Scanning for PnP cards...
Oct  4 11:56:07 villain-Lenovo-G580 kernel: [    0.766798] Serial: 8250/16550 driver, 32 ports, IRQ sharing enabled
Oct  4 11:56:07 villain-Lenovo-G580 kernel: [    0.767451] ACPI: Battery Slot [BAT0] (battery present)
Oct  4 11:56:07 villain-Lenovo-G580 kernel: [    0.768751] Linux agpgart interface v0.103
Oct  4 11:56:07 villain-Lenovo-G580 kernel: [    0.770052] brd: module loaded
Oct  4 11:56:07 villain-Lenovo-G580 kernel: [    0.770671] loop: module loaded
Oct  4 11:56:07 villain-Lenovo-G580 kernel: [    0.770880] libphy: Fixed MDIO Bus: probed
Oct  4 11:56:07 villain-Lenovo-G580 kernel: [    0.770884] tun: Universal TUN/TAP device driver, 1.6
Oct  4 11:56:07 villain-Lenovo-G580 kernel: [    0.770885] tun: (C) 1999-2004 Max Krasnyansky <maxk@qualcomm.com>
Oct  4 11:56:07 villain-Lenovo-G580 kernel: [    0.770929] PPP generic driver version 2.4.2
Oct  4 11:56:07 villain-Lenovo-G580 kernel: [    0.770976] ehci_hcd: USB 2.0 'Enhanced' Host Controller (EHCI) Driver
Oct  4 11:56:07 villain-Lenovo-G580 kernel: [    0.770981] ehci-pci: EHCI PCI platform driver
Oct  4 11:56:07 villain-Lenovo-G580 kernel: [    0.771089] ehci-pci 0000:00:1a.0: EHCI Host Controller
Oct  4 11:56:07 villain-Lenovo-G580 kernel: [    0.771094] ehci-pci 0000:00:1a.0: new USB bus registered, assigned bus number 1
Oct  4 11:56:07 villain-Lenovo-G580 kernel: [    0.771108] ehci-pci 0000:00:1a.0: debug port 2
Oct  4 11:56:07 villain-Lenovo-G580 kernel: [    0.775002] ehci-pci 0000:00:1a.0: cache line size of 64 is not supported
Oct  4 11:56:07 villain-Lenovo-G580 kernel: [    0.775019] ehci-pci 0000:00:1a.0: irq 16, io mem 0xf0619000
Oct  4 11:56:07 villain-Lenovo-G580 kernel: [    0.784412] ehci-pci 0000:00:1a.0: USB 2.0 started, EHCI 1.00
Oct  4 11:56:07 villain-Lenovo-G580 kernel: [    0.784455] usb usb1: New USB device found, idVendor=1d6b, idProduct=0002
Oct  4 11:56:07 villain-Lenovo-G580 kernel: [    0.784457] usb usb1: New USB device strings: Mfr=3, Product=2, SerialNumber=1
Oct  4 11:56:07 villain-Lenovo-G580 kernel: [    0.784459] usb usb1: Product: EHCI Host Controller
Oct  4 11:56:07 villain-Lenovo-G580 kernel: [    0.784460] usb usb1: Manufacturer: Linux 3.16.0-50-generic ehci_hcd
Oct  4 11:56:07 villain-Lenovo-G580 kernel: [    0.784462] usb usb1: SerialNumber: 0000:00:1a.0
Oct  4 11:56:07 villain-Lenovo-G580 kernel: [    0.784578] hub 1-0:1.0: USB hub found
Oct  4 11:56:07 villain-Lenovo-G580 kernel: [    0.784584] hub 1-0:1.0: 3 ports detected
Oct  4 11:56:07 villain-Lenovo-G580 kernel: [    0.784799] ehci-pci 0000:00:1d.0: EHCI Host Controller
Oct  4 11:56:07 villain-Lenovo-G580 kernel: [    0.784804] ehci-pci 0000:00:1d.0: new USB bus registered, assigned bus number 2
Oct  4 11:56:07 villain-Lenovo-G580 kernel: [    0.784815] ehci-pci 0000:00:1d.0: debug port 2
Oct  4 11:56:07 villain-Lenovo-G580 kernel: [    0.788714] ehci-pci 0000:00:1d.0: cache line size of 64 is not supported
Oct  4 11:56:07 villain-Lenovo-G580 kernel: [    0.788726] ehci-pci 0000:00:1d.0: irq 23, io mem 0xf0618000
Oct  4 11:56:07 villain-Lenovo-G580 kernel: [    0.800422] ehci-pci 0000:00:1d.0: USB 2.0 started, EHCI 1.00
Oct  4 11:56:07 villain-Lenovo-G580 kernel: [    0.800459] usb usb2: New USB device found, idVendor=1d6b, idProduct=0002
Oct  4 11:56:07 villain-Lenovo-G580 kernel: [    0.800460] usb usb2: New USB device strings: Mfr=3, Product=2, SerialNumber=1
Oct  4 11:56:07 villain-Lenovo-G580 kernel: [    0.800462] usb usb2: Product: EHCI Host Controller
Oct  4 11:56:07 villain-Lenovo-G580 kernel: [    0.800464] usb usb2: Manufacturer: Linux 3.16.0-50-generic ehci_hcd
Oct  4 11:56:07 villain-Lenovo-G580 kernel: [    0.800465] usb usb2: SerialNumber: 0000:00:1d.0
Oct  4 11:56:07 villain-Lenovo-G580 kernel: [    0.800564] hub 2-0:1.0: USB hub found
Oct  4 11:56:07 villain-Lenovo-G580 kernel: [    0.800569] hub 2-0:1.0: 3 ports detected
Oct  4 11:56:07 villain-Lenovo-G580 kernel: [    0.800695] ehci-platform: EHCI generic platform driver
Oct  4 11:56:07 villain-Lenovo-G580 kernel: [    0.800705] ohci_hcd: USB 1.1 'Open' Host Controller (OHCI) Driver
Oct  4 11:56:07 villain-Lenovo-G580 kernel: [    0.800710] ohci-pci: OHCI PCI platform driver
Oct  4 11:56:07 villain-Lenovo-G580 kernel: [    0.800722] ohci-platform: OHCI generic platform driver
Oct  4 11:56:07 villain-Lenovo-G580 kernel: [    0.800731] uhci_hcd: USB Universal Host Controller Interface driver
Oct  4 11:56:07 villain-Lenovo-G580 kernel: [    0.800836] xhci_hcd 0000:00:14.0: xHCI Host Controller
Oct  4 11:56:07 villain-Lenovo-G580 kernel: [    0.800840] xhci_hcd 0000:00:14.0: new USB bus registered, assigned bus number 3
Oct  4 11:56:07 villain-Lenovo-G580 kernel: [    0.800934] xhci_hcd 0000:00:14.0: cache line size of 64 is not supported
Oct  4 11:56:07 villain-Lenovo-G580 kernel: [    0.800955] xhci_hcd 0000:00:14.0: irq 41 for MSI/MSI-X
Oct  4 11:56:07 villain-Lenovo-G580 kernel: [    0.801014] usb usb3: New USB device found, idVendor=1d6b, idProduct=0002
Oct  4 11:56:07 villain-Lenovo-G580 kernel: [    0.801016] usb usb3: New USB device strings: Mfr=3, Product=2, SerialNumber=1
Oct  4 11:56:07 villain-Lenovo-G580 kernel: [    0.801018] usb usb3: Product: xHCI Host Controller
Oct  4 11:56:07 villain-Lenovo-G580 kernel: [    0.801019] usb usb3: Manufacturer: Linux 3.16.0-50-generic xhci_hcd
Oct  4 11:56:07 villain-Lenovo-G580 kernel: [    0.801021] usb usb3: SerialNumber: 0000:00:14.0
Oct  4 11:56:07 villain-Lenovo-G580 kernel: [    0.801121] hub 3-0:1.0: USB hub found
Oct  4 11:56:07 villain-Lenovo-G580 kernel: [    0.801130] hub 3-0:1.0: 4 ports detected
Oct  4 11:56:07 villain-Lenovo-G580 kernel: [    0.801441] xhci_hcd 0000:00:14.0: xHCI Host Controller
Oct  4 11:56:07 villain-Lenovo-G580 kernel: [    0.801443] xhci_hcd 0000:00:14.0: new USB bus registered, assigned bus number 4
Oct  4 11:56:07 villain-Lenovo-G580 kernel: [    0.801476] usb usb4: New USB device found, idVendor=1d6b, idProduct=0003
Oct  4 11:56:07 villain-Lenovo-G580 kernel: [    0.801478] usb usb4: New USB device strings: Mfr=3, Product=2, SerialNumber=1
Oct  4 11:56:07 villain-Lenovo-G580 kernel: [    0.801479] usb usb4: Product: xHCI Host Controller
Oct  4 11:56:07 villain-Lenovo-G580 kernel: [    0.801481] usb usb4: Manufacturer: Linux 3.16.0-50-generic xhci_hcd
Oct  4 11:56:07 villain-Lenovo-G580 kernel: [    0.801482] usb usb4: SerialNumber: 0000:00:14.0
Oct  4 11:56:07 villain-Lenovo-G580 kernel: [    0.801579] hub 4-0:1.0: USB hub found
Oct  4 11:56:07 villain-Lenovo-G580 kernel: [    0.801587] hub 4-0:1.0: 4 ports detected
Oct  4 11:56:07 villain-Lenovo-G580 kernel: [    0.801953] i8042: PNP: PS/2 Controller [PNP0303:KBD0,PNP0f13:PS2M] at 0x60,0x64 irq 1,12
Oct  4 11:56:07 villain-Lenovo-G580 kernel: [    0.805090] serio: i8042 KBD port at 0x60,0x64 irq 1
Oct  4 11:56:07 villain-Lenovo-G580 kernel: [    0.805097] serio: i8042 AUX port at 0x60,0x64 irq 12
Oct  4 11:56:07 villain-Lenovo-G580 kernel: [    0.805213] mousedev: PS/2 mouse device common for all mice
Oct  4 11:56:07 villain-Lenovo-G580 kernel: [    0.805376] rtc_cmos 00:01: RTC can wake from S4
Oct  4 11:56:07 villain-Lenovo-G580 kernel: [    0.805505] rtc_cmos 00:01: rtc core: registered rtc_cmos as rtc0
Oct  4 11:56:07 villain-Lenovo-G580 kernel: [    0.805533] rtc_cmos 00:01: alarms up to one month, y3k, 242 bytes nvram, hpet irqs
Oct  4 11:56:07 villain-Lenovo-G580 kernel: [    0.805577] device-mapper: uevent: version 1.0.3
Oct  4 11:56:07 villain-Lenovo-G580 kernel: [    0.805647] device-mapper: ioctl: 4.27.0-ioctl (2013-10-30) initialised: dm-devel@redhat.com
Oct  4 11:56:07 villain-Lenovo-G580 kernel: [    0.805668] platform eisa.0: Probing EISA bus 0
Oct  4 11:56:07 villain-Lenovo-G580 kernel: [    0.805670] platform eisa.0: EISA: Cannot allocate resource for mainboard
Oct  4 11:56:07 villain-Lenovo-G580 kernel: [    0.805671] platform eisa.0: Cannot allocate resource for EISA slot 1
Oct  4 11:56:07 villain-Lenovo-G580 kernel: [    0.805673] platform eisa.0: Cannot allocate resource for EISA slot 2
Oct  4 11:56:07 villain-Lenovo-G580 kernel: [    0.805675] platform eisa.0: Cannot allocate resource for EISA slot 3
Oct  4 11:56:07 villain-Lenovo-G580 kernel: [    0.805676] platform eisa.0: Cannot allocate resource for EISA slot 4
Oct  4 11:56:07 villain-Lenovo-G580 kernel: [    0.805678] platform eisa.0: Cannot allocate resource for EISA slot 5
Oct  4 11:56:07 villain-Lenovo-G580 kernel: [    0.805679] platform eisa.0: Cannot allocate resource for EISA slot 6
Oct  4 11:56:07 villain-Lenovo-G580 kernel: [    0.805680] platform eisa.0: Cannot allocate resource for EISA slot 7
Oct  4 11:56:07 villain-Lenovo-G580 kernel: [    0.805682] platform eisa.0: Cannot allocate resource for EISA slot 8
Oct  4 11:56:07 villain-Lenovo-G580 kernel: [    0.805684] platform eisa.0: EISA: Detected 0 cards
Oct  4 11:56:07 villain-Lenovo-G580 kernel: [    0.805695] cpufreq-nforce2: No nForce2 chipset.
Oct  4 11:56:07 villain-Lenovo-G580 kernel: [    0.805699] Intel P-state driver initializing.
Oct  4 11:56:07 villain-Lenovo-G580 kernel: [    0.805716] Intel pstate controlling: cpu 0
Oct  4 11:56:07 villain-Lenovo-G580 kernel: [    0.805737] Intel pstate controlling: cpu 1
Oct  4 11:56:07 villain-Lenovo-G580 kernel: [    0.805755] Intel pstate controlling: cpu 2
Oct  4 11:56:07 villain-Lenovo-G580 kernel: [    0.805770] Intel pstate controlling: cpu 3
Oct  4 11:56:07 villain-Lenovo-G580 kernel: [    0.805796] Consider also installing thermald for improved thermal control.
Oct  4 11:56:07 villain-Lenovo-G580 kernel: [    0.805801] ledtrig-cpu: registered to indicate activity on CPUs
Oct  4 11:56:07 villain-Lenovo-G580 kernel: [    0.805907] TCP: cubic registered
Oct  4 11:56:07 villain-Lenovo-G580 kernel: [    0.806017] NET: Registered protocol family 10
Oct  4 11:56:07 villain-Lenovo-G580 kernel: [    0.806203] NET: Registered protocol family 17
Oct  4 11:56:07 villain-Lenovo-G580 kernel: [    0.806213] Key type dns_resolver registered
Oct  4 11:56:07 villain-Lenovo-G580 kernel: [    0.806427] Using IPI No-Shortcut mode
Oct  4 11:56:07 villain-Lenovo-G580 kernel: [    0.806541] Loading compiled-in X.509 certificates
Oct  4 11:56:07 villain-Lenovo-G580 kernel: [    0.809630] Loaded X.509 cert 'Magrathea: Glacier signing key: 4983a46ad28ef3c9f79130252fb5c1154b23079f'
Oct  4 11:56:07 villain-Lenovo-G580 kernel: [    0.809650] registered taskstats version 1
Oct  4 11:56:07 villain-Lenovo-G580 kernel: [    0.811568] Key type trusted registered
Oct  4 11:56:07 villain-Lenovo-G580 kernel: [    0.814850] Key type encrypted registered
Oct  4 11:56:07 villain-Lenovo-G580 kernel: [    0.814858] AppArmor: AppArmor sha1 policy hashing enabled
Oct  4 11:56:07 villain-Lenovo-G580 kernel: [    0.814862] ima: No TPM chip found, activating TPM-bypass!
Oct  4 11:56:07 villain-Lenovo-G580 kernel: [    0.814877] evm: HMAC attrs: 0x1
Oct  4 11:56:07 villain-Lenovo-G580 kernel: [    0.815271]   Magic number: 3:381:933
Oct  4 11:56:07 villain-Lenovo-G580 kernel: [    0.815351] rtc_cmos 00:01: setting system clock to 2015-10-04 11:55:46 UTC (1443959746)
Oct  4 11:56:07 villain-Lenovo-G580 kernel: [    0.815412] BIOS EDD facility v0.16 2004-Jun-25, 0 devices found
Oct  4 11:56:07 villain-Lenovo-G580 kernel: [    0.815413] EDD information not available.
Oct  4 11:56:07 villain-Lenovo-G580 kernel: [    0.815504] PM: Hibernation image not present or could not be loaded.
Oct  4 11:56:07 villain-Lenovo-G580 kernel: [    0.829012] input: AT Translated Set 2 keyboard as /devices/platform/i8042/serio0/input/input3
Oct  4 11:56:07 villain-Lenovo-G580 kernel: [    1.077848] isapnp: No Plug & Play device found
Oct  4 11:56:07 villain-Lenovo-G580 kernel: [    1.078079] Freeing unused kernel memory: 896K (c1a14000 - c1af4000)
Oct  4 11:56:07 villain-Lenovo-G580 kernel: [    1.078127] Write protecting the kernel text: 6756k
Oct  4 11:56:07 villain-Lenovo-G580 kernel: [    1.078201] Write protecting the kernel read-only data: 2916k
Oct  4 11:56:07 villain-Lenovo-G580 kernel: [    1.078203] NX-protecting the kernel data: 5532k
Oct  4 11:56:07 villain-Lenovo-G580 kernel: [    1.090125] systemd-udevd[112]: starting version 204
Oct  4 11:56:07 villain-Lenovo-G580 kernel: [    1.096684] usb 1-1: new high-speed USB device number 2 using ehci-pci
Oct  4 11:56:07 villain-Lenovo-G580 kernel: [    1.115286] wmi: Mapper loaded
Oct  4 11:56:07 villain-Lenovo-G580 kernel: [    1.129078] [drm] Initialized drm 1.1.0 20060810
Oct  4 11:56:07 villain-Lenovo-G580 kernel: [    1.129205] ahci 0000:00:1f.2: version 3.0
Oct  4 11:56:07 villain-Lenovo-G580 kernel: [    1.129413] ahci 0000:00:1f.2: irq 42 for MSI/MSI-X
Oct  4 11:56:07 villain-Lenovo-G580 kernel: [    1.129456] ahci 0000:00:1f.2: SSS flag set, parallel bus scan disabled
Oct  4 11:56:07 villain-Lenovo-G580 kernel: [    1.137155] alx 0000:04:00.0 eth0: Qualcomm Atheros AR816x/AR817x Ethernet [3c:97:0e:33:68:b6]
Oct  4 11:56:07 villain-Lenovo-G580 kernel: [    1.144814] ahci 0000:00:1f.2: AHCI 0001.0300 32 slots 6 ports 6 Gbps 0x12 impl SATA mode
Oct  4 11:56:07 villain-Lenovo-G580 kernel: [    1.144820] ahci 0000:00:1f.2: flags: 64bit ncq stag pm led clo pio slum part ems apst 
Oct  4 11:56:07 villain-Lenovo-G580 kernel: [    1.153782] scsi0 : ahci
Oct  4 11:56:07 villain-Lenovo-G580 kernel: [    1.153947] scsi1 : ahci
Oct  4 11:56:07 villain-Lenovo-G580 kernel: [    1.154245] scsi2 : ahci
Oct  4 11:56:07 villain-Lenovo-G580 kernel: [    1.154441] scsi3 : ahci
Oct  4 11:56:07 villain-Lenovo-G580 kernel: [    1.154569] scsi4 : ahci
Oct  4 11:56:07 villain-Lenovo-G580 kernel: [    1.154698] scsi5 : ahci
Oct  4 11:56:07 villain-Lenovo-G580 kernel: [    1.154765] ata1: DUMMY
Oct  4 11:56:07 villain-Lenovo-G580 kernel: [    1.154772] ata2: SATA max UDMA/133 abar m2048@0xf0617000 port 0xf0617180 irq 42
Oct  4 11:56:07 villain-Lenovo-G580 kernel: [    1.154774] ata3: DUMMY
Oct  4 11:56:07 villain-Lenovo-G580 kernel: [    1.154776] ata4: DUMMY
Oct  4 11:56:07 villain-Lenovo-G580 kernel: [    1.154783] ata5: SATA max UDMA/133 abar m2048@0xf0617000 port 0xf0617300 irq 42
Oct  4 11:56:07 villain-Lenovo-G580 kernel: [    1.154785] ata6: DUMMY
Oct  4 11:56:07 villain-Lenovo-G580 kernel: [    1.174005] [drm] Memory usable by graphics device = 2048M
Oct  4 11:56:07 villain-Lenovo-G580 kernel: [    1.174010] checking generic (e0000000 410000) vs hw (e0000000 10000000)
Oct  4 11:56:07 villain-Lenovo-G580 kernel: [    1.174012] fb: switching to inteldrmfb from VESA VGA
Oct  4 11:56:07 villain-Lenovo-G580 kernel: [    1.174031] Console: switching to colour dummy device 80x25
Oct  4 11:56:07 villain-Lenovo-G580 kernel: [    1.174105] [drm] Replacing VGA console driver
Oct  4 11:56:07 villain-Lenovo-G580 kernel: [    1.196878] i915 0000:00:02.0: irq 43 for MSI/MSI-X
Oct  4 11:56:07 villain-Lenovo-G580 kernel: [    1.196892] [drm] Supports vblank timestamp caching Rev 2 (21.10.2013).
Oct  4 11:56:07 villain-Lenovo-G580 kernel: [    1.196894] [drm] Driver supports precise vblank timestamp query.
Oct  4 11:56:07 villain-Lenovo-G580 kernel: [    1.196980] vgaarb: device changed decodes: PCI:0000:00:02.0,olddecodes=io+mem,decodes=io+mem:owns=io+mem
Oct  4 11:56:07 villain-Lenovo-G580 kernel: [    1.229301] usb 1-1: New USB device found, idVendor=8087, idProduct=0024
Oct  4 11:56:07 villain-Lenovo-G580 kernel: [    1.229305] usb 1-1: New USB device strings: Mfr=0, Product=0, SerialNumber=0
Oct  4 11:56:07 villain-Lenovo-G580 kernel: [    1.229673] hub 1-1:1.0: USB hub found
Oct  4 11:56:07 villain-Lenovo-G580 kernel: [    1.229933] hub 1-1:1.0: 6 ports detected
Oct  4 11:56:07 villain-Lenovo-G580 kernel: [    1.238615] fbcon: inteldrmfb (fb0) is primary device
Oct  4 11:56:07 villain-Lenovo-G580 kernel: [    1.238642] Console: switching to colour frame buffer device 170x48
Oct  4 11:56:07 villain-Lenovo-G580 kernel: [    1.238674] i915 0000:00:02.0: fb0: inteldrmfb frame buffer device
Oct  4 11:56:07 villain-Lenovo-G580 kernel: [    1.238676] i915 0000:00:02.0: registered panic notifier
Oct  4 11:56:07 villain-Lenovo-G580 kernel: [    1.273512] ACPI: Video Device [GFX0] (multi-head: yes  rom: no  post: no)
Oct  4 11:56:07 villain-Lenovo-G580 kernel: [    1.273611] input: Video Bus as /devices/LNXSYSTM:00/LNXSYBUS:00/PNP0A08:00/LNXVIDEO:01/input/input6
Oct  4 11:56:07 villain-Lenovo-G580 kernel: [    1.273773] [drm] Initialized i915 1.6.0 20080730 for 0000:00:02.0 on minor 0
Oct  4 11:56:07 villain-Lenovo-G580 kernel: [    1.469076] usb 3-4: new low-speed USB device number 2 using xhci_hcd
Oct  4 11:56:07 villain-Lenovo-G580 kernel: [    1.473078] ata2: SATA link up 3.0 Gbps (SStatus 123 SControl 300)
Oct  4 11:56:07 villain-Lenovo-G580 kernel: [    1.474063] ata2.00: ATA-8: HITACHI HTS545050A7E380, GG2ZB950, max UDMA/133
Oct  4 11:56:07 villain-Lenovo-G580 kernel: [    1.474066] ata2.00: 976773168 sectors, multi 16: LBA48 NCQ (depth 31/32), AA
Oct  4 11:56:07 villain-Lenovo-G580 kernel: [    1.475152] ata2.00: configured for UDMA/133
Oct  4 11:56:07 villain-Lenovo-G580 kernel: [    1.475363] scsi 1:0:0:0: Direct-Access     ATA      HITACHI HTS54505 B950 PQ: 0 ANSI: 5
Oct  4 11:56:07 villain-Lenovo-G580 kernel: [    1.475794] sd 1:0:0:0: [sda] 976773168 512-byte logical blocks: (500 GB/465 GiB)
Oct  4 11:56:07 villain-Lenovo-G580 kernel: [    1.475798] sd 1:0:0:0: [sda] 4096-byte physical blocks
Oct  4 11:56:07 villain-Lenovo-G580 kernel: [    1.475819] sd 1:0:0:0: Attached scsi generic sg0 type 0
Oct  4 11:56:07 villain-Lenovo-G580 kernel: [    1.475912] sd 1:0:0:0: [sda] Write Protect is off
Oct  4 11:56:07 villain-Lenovo-G580 kernel: [    1.475917] sd 1:0:0:0: [sda] Mode Sense: 00 3a 00 00
Oct  4 11:56:07 villain-Lenovo-G580 kernel: [    1.475969] sd 1:0:0:0: [sda] Write cache: enabled, read cache: enabled, doesn't support DPO or FUA
Oct  4 11:56:07 villain-Lenovo-G580 kernel: [    1.516486]  sda: sda1 sda2 < sda5 sda6 > sda3 sda4
Oct  4 11:56:07 villain-Lenovo-G580 kernel: [    1.517121] sd 1:0:0:0: [sda] Attached SCSI disk
Oct  4 11:56:07 villain-Lenovo-G580 kernel: [    1.600515] usb 3-4: New USB device found, idVendor=0000, idProduct=0538
Oct  4 11:56:07 villain-Lenovo-G580 kernel: [    1.600520] usb 3-4: New USB device strings: Mfr=0, Product=1, SerialNumber=0
Oct  4 11:56:07 villain-Lenovo-G580 kernel: [    1.600522] usb 3-4: Product:  USB OPTICAL MOUSE
Oct  4 11:56:07 villain-Lenovo-G580 kernel: [    1.600686] usb 3-4: ep 0x81 - rounding interval to 64 microframes, ep desc says 80 microframes
Oct  4 11:56:07 villain-Lenovo-G580 kernel: [    1.607831] hidraw: raw HID events driver (C) Jiri Kosina
Oct  4 11:56:07 villain-Lenovo-G580 kernel: [    1.614287] usbcore: registered new interface driver usbhid
Oct  4 11:56:07 villain-Lenovo-G580 kernel: [    1.614290] usbhid: USB HID core driver
Oct  4 11:56:07 villain-Lenovo-G580 kernel: [    1.617986] input:  USB OPTICAL MOUSE as /devices/pci0000:00/0000:00:14.0/usb3/3-4/3-4:1.0/0003:0000:0538.0001/input/input7
Oct  4 11:56:07 villain-Lenovo-G580 kernel: [    1.618186] hid-generic 0003:0000:0538.0001: input,hidraw0: USB HID v1.11 Mouse [ USB OPTICAL MOUSE] on usb-0000:00:14.0-4/input0
Oct  4 11:56:07 villain-Lenovo-G580 kernel: [    1.713244] usb 2-1: new high-speed USB device number 2 using ehci-pci
Oct  4 11:56:07 villain-Lenovo-G580 kernel: [    1.729286] tsc: Refined TSC clocksource calibration: 2394.560 MHz
Oct  4 11:56:07 villain-Lenovo-G580 kernel: [    1.793340] ata5: SATA link up 1.5 Gbps (SStatus 113 SControl 300)
Oct  4 11:56:07 villain-Lenovo-G580 kernel: [    1.796480] ata5.00: ATAPI: PLDS DVD-RW DS8A8SH, KL31, max UDMA/100
Oct  4 11:56:07 villain-Lenovo-G580 kernel: [    1.797477] ata5.00: configured for UDMA/100
Oct  4 11:56:07 villain-Lenovo-G580 kernel: [    1.805480] scsi 4:0:0:0: CD-ROM            PLDS     DVD-RW DS8A8SH   KL31 PQ: 0 ANSI: 5
Oct  4 11:56:07 villain-Lenovo-G580 kernel: [    1.823413] psmouse serio1: synaptics: queried max coordinates: x [..5728], y [..4902]
Oct  4 11:56:07 villain-Lenovo-G580 kernel: [    1.831299] sr0: scsi3-mmc drive: 24x/24x writer dvd-ram cd/rw xa/form2 cdda tray
Oct  4 11:56:07 villain-Lenovo-G580 kernel: [    1.831304] cdrom: Uniform CD-ROM driver Revision: 3.20
Oct  4 11:56:07 villain-Lenovo-G580 kernel: [    1.831512] sr 4:0:0:0: Attached scsi CD-ROM sr0
Oct  4 11:56:07 villain-Lenovo-G580 kernel: [    1.831689] sr 4:0:0:0: Attached scsi generic sg1 type 5
Oct  4 11:56:07 villain-Lenovo-G580 kernel: [    1.845773] usb 2-1: New USB device found, idVendor=8087, idProduct=0024
Oct  4 11:56:07 villain-Lenovo-G580 kernel: [    1.845777] usb 2-1: New USB device strings: Mfr=0, Product=0, SerialNumber=0
